Hartree: kernel W (263, 35, 35) built in 0.61 s
B = 0 rerun: wx = 1.0, model A_quad, start results/qpc_wx1.0_A_quad_B0.25.npz, alpha = 0.1, history = 12, maxiter = 400, kT = 0.05 meV, mu = 8.95648 meV
  it    M_loc M_win300      N_up      N_dn    nup(0)    ndn(0) cnt_up cnt_dn  dmin_up  dmin_dn     resid
   1   2.3796   1.1153   69.9882   67.6087  0.012662  0.000574     24     23  -0.0037  -0.0127  7.04e-01
  10   1.0195   1.0361   69.2866   68.2671  0.012651  0.000620     23     25  +0.0016  +0.0151  1.32e-02
  20   0.9474   0.9661   69.2514   68.3039  0.012578  0.000810     23     25  +0.0020  +0.0145  1.10e-02
  30   0.9552   0.9656   69.2547   68.2995  0.012580  0.000814     23     25  +0.0020  +0.0146  1.20e-02
  40   0.9998   1.0114   69.2760   68.2762  0.012639  0.000685     23     25  +0.0018  +0.0149  1.18e-02
  50   0.9927   1.0073   69.2728   68.2801  0.012636  0.000693     23     25  +0.0018  +0.0149  9.80e-03
  60   1.0083   1.0218   69.2799   68.2716  0.012655  0.000654     23     25  +0.0017  +0.0150  9.91e-03
  70   0.9558   0.9727   69.2552   68.2994  0.012594  0.000787     23     25  +0.0020  +0.0146  7.53e-03
  80   0.9415   0.9563   69.2482   68.3067  0.012578  0.000831     23     25  +0.0020  +0.0145  7.70e-03
  90   0.8951   0.9100   69.2258   68.3307  0.012523  0.000965     23     25  +0.0022  +0.0141  1.17e-02
 100   1.0105   1.0240   69.2809   68.2705  0.012661  0.000647     23     25  +0.0017  +0.0150  9.44e-03
 110   1.0362   1.0527   69.2929   68.2567  0.012698  0.000571     23     25  +0.0016  +0.0153  1.13e-02
 120   0.8780   0.8924   69.2173   68.3394  0.012503  0.001017     23     25  +0.0023  +0.0140  1.40e-02
 130   0.8314   0.8452   69.1942   68.3628  0.012448  0.001160     23     25  -0.0022  +0.0137  2.36e-02
 140   0.9046   0.9194   69.2304   68.3258  0.012534  0.000938     23     25  +0.0022  +0.0142  1.01e-02
 150   1.0448   1.0613   69.2969   68.2521  0.012709  0.000549     23     25  +0.0015  +0.0153  1.25e-02
 160   1.0507   1.0672   69.2996   68.2489  0.012717  0.000535     23     25  +0.0015  +0.0154  1.37e-02
 170   1.0683   1.0853   69.3077   68.2394  0.012741  0.000490     23     24  +0.0014  +0.0155  1.74e-02
 180   0.9552   0.9705   69.2548   68.2995  0.012595  0.000792     23     25  +0.0020  +0.0146  6.54e-03
 190   0.9909   1.0066   69.2717   68.2808  0.012639  0.000692     23     25  +0.0018  +0.0149  6.88e-03
 200   1.0628   1.0795   69.3052   68.2424  0.012733  0.000504     23     24  +0.0014  +0.0155  1.61e-02
 210   1.1100   1.1273   69.3268   68.2167  0.012799  0.000392     23     24  +0.0011  +0.0159  2.92e-02
 220   0.9160   0.9308   69.2360   68.3200  0.012547  0.000904     23     25  +0.0022  +0.0143  8.69e-03
 230   1.0188   1.0349   69.2848   68.2661  0.012674  0.000617     23     25  +0.0016  +0.0151  8.76e-03
 240   0.9949   1.0107   69.2737   68.2788  0.012644  0.000681     23     25  +0.0018  +0.0149  6.60e-03
 250   0.9731   0.9886   69.2634   68.2903  0.012616  0.000741     23     25  +0.0019  +0.0147  5.94e-03
 260   0.9735   0.9890   69.2635   68.2900  0.012617  0.000740     23     25  +0.0019  +0.0147  6.05e-03
 270   0.8854   0.8997   69.2210   68.3356  0.012511  0.000996     23     25  +0.0023  +0.0141  1.27e-02
 280   1.0851   1.1021   69.3154   68.2303  0.012764  0.000450     23     24  +0.0013  +0.0157  2.15e-02
 290   1.0122   1.0283   69.2818   68.2696  0.012666  0.000634     23     25  +0.0017  +0.0151  8.04e-03
 300   0.9647   0.9801   69.2594   68.2947  0.012606  0.000764     23     25  +0.0019  +0.0147  5.85e-03
 310   0.9517   0.9670   69.2532   68.3015  0.012590  0.000801     23     25  +0.0020  +0.0146  6.13e-03
 320   0.9061   0.9207   69.2312   68.3251  0.012535  0.000934     23     25  +0.0022  +0.0142  9.61e-03
 330   0.9073   0.9219   69.2317   68.3245  0.012537  0.000930     23     25  +0.0022  +0.0142  9.51e-03
 340   0.7993   0.8125   69.1781   68.3787  0.012411  0.001259     23     25  -0.0014  +0.0134  3.15e-02
 350   0.9238   0.9386   69.2397   68.3159  0.012556  0.000882     23     25  +0.0021  +0.0144  8.01e-03
 360   0.9051   0.9197   69.2306   68.3255  0.012534  0.000937     23     25  +0.0022  +0.0142  1.03e-02
 370   0.9501   0.9653   69.2523   68.3022  0.012589  0.000806     23     25  +0.0020  +0.0146  6.87e-03
 380   0.9233   0.9381   69.2394   68.3161  0.012556  0.000884     23     25  +0.0021  +0.0144  8.26e-03
 390   0.9025   0.9170   69.2293   68.3268  0.012531  0.000945     23     25  +0.0022  +0.0142  1.06e-02
 400   0.9427   0.9578   69.2488   68.3060  0.012580  0.000827     23     25  +0.0020  +0.0145  7.07e-03

converged: False after 400 iterations (1391 s); table: notes/wx1.0_A_quad_B0_rerun_table.txt
 B[T]    M_loc M_win300         M   M_wire   it    t[s]         N   nup_far   ndn_far  top_up  top_dn mu-top_up mu-top_dn    D_dn   D_up0  conv
    0   1.0151   1.0312    0.9427  -0.0000  400  1391.4  137.5548  0.014000  0.014000  0.3975  1.3386   +0.5321   -0.4090  +0.710  -0.621 False
  M = 0.9427, M_loc = 1.0151   # HMW: ~0.85, M_win300 = 1.0312
  [up] peaks: x=-76.2 nm h=0.3975, x=+76.2 nm h=0.3975   # HMW: two peaks ~0.6 meV at x ~ +-80 nm (nearly flat top over ~160 nm)
  [up] e_0(0)-e_0(far) = 0.0074 meV   # HMW: ~0.45 meV (shallow dip ~0.15 meV);  mu - e_0(far) = 0.9296 meV   # HMW: ~1.1 meV
  [dn] peaks: x=+0.0 nm h=1.3386   # HMW: one peak ~1.2 meV (just above mu)
  [dn] e_0(0)-e_0(far) = 1.3386 meV;  mu - e_0(far) = 0.9296 meV   # HMW: ~1.1 meV
  n_1D(0) = 0.013281 nm^-1 (up 0.012666, dn 0.000615)   # HMW: ~1.5e-2 nm^-1 total
  D_dn = top_dn - top_unpol = +0.7104 meV, D_up0 = e_0,up(0) - top_unpol = -0.6208 meV   # HMW: D_dn ~ +0.6, D_up0 ~ -0.18
  LDOS eta=0.05: up resonance e-mu = -0.7196 meV (# HMW ~ -0.5 meV), FWHM = 0.1495 meV (# HMW Gamma ~0.1 meV, incl. 2 eta); dn onset e-mu = +0.2624 meV (# HMW ~ +0.1 meV); U = 0.9820 meV (# HMW ~0.6 meV)
  LDOS eta=0.1: up resonance e-mu = -0.7156 meV (# HMW ~ -0.5 meV), FWHM = 0.2632 meV (# HMW Gamma ~0.1 meV, incl. 2 eta); dn onset e-mu = +0.1384 meV (# HMW ~ +0.1 meV); U = 0.8540 meV (# HMW ~0.6 meV)
NOT converged: M_loc over the last 100 iterations: mean = 0.9234, std = 0.0778, min = 0.5283, max = 1.1249
swings |dM_loc| > std: 12 of 99 steps; with a level-count change near mu: 7; count changes overall: 8; corr(|dM_loc|, count change) = 0.704
