Hartree: kernel W (263, 35, 35) built in 0.78 s
B = 0 rerun: wx = 1.0, model A_quad, start results/qpc_wx1.0_A_quad_B0.25.npz, alpha = 0.1, history = 12, maxiter = 300, kT = 0.08 meV, mu = 8.92578 meV
  it    M_loc M_win300      N_up      N_dn    nup(0)    ndn(0) cnt_up cnt_dn  dmin_up  dmin_dn     resid
   1   2.1001   1.0945   69.1398   67.0397  0.012541  0.000561     22     19  +0.0189  -0.0070  2.06e+00
  10   0.9772   0.9779   69.2587   68.2815  0.012545  0.000832     22     21  +0.0140  -0.0003  5.75e-02
  20   1.0629   1.0416   69.2989   68.2360  0.012675  0.000644     22     21  +0.0128  +0.0013  7.03e-02
  30   1.3037   1.3275   69.3772   68.0735  0.012656  0.000072     21     21  +0.0094  +0.0078  1.78e-01
  40   1.1722   1.1718   69.3493   68.1771  0.012908  0.000331     21     21  +0.0108  +0.0039  6.75e-02
  50   1.3098   1.3063   69.3949   68.0852  0.012798  0.000086     21     21  +0.0094  +0.0072  1.29e-01
  60   0.4462   0.4373   68.9659   68.5196  0.011725  0.002525     22     21  +0.0227  -0.0112  2.21e-01
  70   1.0732   1.0318   69.3154   68.2422  0.012733  0.000640     22     21  +0.0126  +0.0009  9.14e-02
  80   1.2899   1.2708   69.3895   68.0997  0.012944  0.000121     21     21  +0.0097  +0.0064  1.25e-01
  90   1.0196   0.9737   69.2785   68.2589  0.012735  0.000776     22     21  +0.0139  -0.0001  8.88e-02
 100   1.0775   1.0769   69.2990   68.2215  0.012940  0.000479     22     21  +0.0124  +0.0022  8.74e-02
 110   1.1994   1.2079   69.3548   68.1554  0.013096  0.000199     21     21  +0.0105  +0.0049  1.11e-01
 120   1.3097   1.2730   69.3976   68.0879  0.012891  0.000117     21     21  +0.0097  +0.0066  1.47e-01
 130   0.7819   0.7779   69.1559   68.3739  0.012565  0.001321     22     21  +0.0183  -0.0043  1.01e-01
 140   0.9960   1.0139   69.2586   68.2626  0.012880  0.000635     22     21  +0.0136  +0.0007  9.00e-02
 150   1.3121   1.3399   69.3643   68.0522  0.012487  0.000064     21     21  +0.0096  +0.0084  2.32e-01
 160   1.0176   1.0532   69.2686   68.2510  0.012863  0.000569     22     21  +0.0130  +0.0014  8.72e-02
 170   1.0301   1.0517   69.2745   68.2444  0.012896  0.000547     22     21  +0.0130  +0.0015  7.82e-02
 180   1.0585   1.0793   69.2887   68.2302  0.012867  0.000510     22     21  +0.0125  +0.0020  7.83e-02
 190   1.0333   1.0499   69.2771   68.2438  0.012890  0.000559     22     21  +0.0129  +0.0015  8.01e-02
 200   0.9446   0.9612   69.2331   68.2885  0.012827  0.000768     22     21  +0.0145  -0.0004  8.45e-02
 210   1.1364   1.1483   69.3266   68.1901  0.013024  0.000332     21     21  +0.0114  +0.0036  8.15e-02
 220   1.0895   1.1017   69.3019   68.2123  0.012965  0.000431     22     21  +0.0121  +0.0027  8.53e-02
 230   1.0037   1.0243   69.2625   68.2588  0.012872  0.000615     22     21  +0.0134  +0.0009  8.19e-02
 240   1.3234   1.3141   69.3820   68.0586  0.012688  0.000077     21     21  +0.0096  +0.0079  1.90e-01
 250   1.0041   1.0403   69.2610   68.2570  0.012900  0.000571     22     21  +0.0132  +0.0013  9.61e-02
 260   1.1870   1.2177   69.3478   68.1609  0.013090  0.000185     21     21  +0.0105  +0.0050  1.09e-01
 270   1.4328   1.3737   69.1295   67.6967  0.009163  0.000006     22     21  +0.0141  -0.0118  1.06e+00
 280   0.9712   0.9763   69.2545   68.2832  0.012688  0.000800     22     21  +0.0140  -0.0003  6.49e-02
 290   0.9930   0.9974   69.2648   68.2718  0.012674  0.000736     22     21  +0.0137  +0.0002  4.87e-02
 300   0.9651   0.9699   69.2510   68.2859  0.012639  0.000821     22     21  +0.0142  -0.0004  4.52e-02

converged: False after 300 iterations (1108 s); table: notes/wx1.0_A_quad_B0_rerun_kT0.08_table.txt
 B[T]    M_loc M_win300         M   M_wire   it    t[s]         N   nup_far   ndn_far  top_up  top_dn mu-top_up mu-top_dn    D_dn   D_up0  conv
    0   0.9730   0.9769    0.9651  -0.0000  300  1107.9  137.5369  0.014001  0.014000  0.3621  1.3680   +0.5478   -0.4581  +0.740  -0.643 False
  M = 0.9651, M_loc = 0.9730   # HMW: ~0.85, M_win300 = 0.9769
  [up] peaks: x=-76.2 nm h=0.3621, x=+76.2 nm h=0.3621   # HMW: two peaks ~0.6 meV at x ~ +-80 nm (nearly flat top over ~160 nm)
  [up] e_0(0)-e_0(far) = -0.0153 meV   # HMW: ~0.45 meV (shallow dip ~0.15 meV);  mu - e_0(far) = 0.9099 meV   # HMW: ~1.1 meV
  [dn] peaks: x=+0.0 nm h=1.3680   # HMW: one peak ~1.2 meV (just above mu)
  [dn] e_0(0)-e_0(far) = 1.3680 meV;  mu - e_0(far) = 0.9099 meV   # HMW: ~1.1 meV
  n_1D(0) = 0.013394 nm^-1 (up 0.012663, dn 0.000731)   # HMW: ~1.5e-2 nm^-1 total
  D_dn = top_dn - top_unpol = +0.7398 meV, D_up0 = e_0,up(0) - top_unpol = -0.6435 meV   # HMW: D_dn ~ +0.6, D_up0 ~ -0.18
  LDOS eta=0.05: up resonance e-mu = -0.7259 meV (# HMW ~ -0.5 meV), FWHM = 0.1490 meV (# HMW Gamma ~0.1 meV, incl. 2 eta); dn onset e-mu = +0.3461 meV (# HMW ~ +0.1 meV); U = 1.0720 meV (# HMW ~0.6 meV)
  LDOS eta=0.1: up resonance e-mu = -0.7219 meV (# HMW ~ -0.5 meV), FWHM = 0.2634 meV (# HMW Gamma ~0.1 meV, incl. 2 eta); dn onset e-mu = +0.1641 meV (# HMW ~ +0.1 meV); U = 0.8860 meV (# HMW ~0.6 meV)
NOT converged: M_loc over the last 100 iterations: mean = 1.0641, std = 0.1753, min = 0.6432, max = 1.4360
swings |dM_loc| > std: 17 of 99 steps; with a level-count change near mu: 8; count changes overall: 21; corr(|dM_loc|, count change) = 0.290
