Hartree: kernel W (263, 35, 35) built in 0.62 s
Janak ramp (down): wx = 1.0 meV, lead = interacting (model A_quad), interp = quadratic, B = [6.0, 4.0, 2.0, 1.0, 0.5, 0.25, 0.0]

##### B = 6 T: leads (interacting) mu = 8.88476 meV, M_wire = 25.4023 (1.9 s)
SCF: spin-polarised, mu = 8.8848 meV, B = 6.0 T, kT = 0.05 meV, method = dense, interp = quadratic
  it   residual    mu(meV)          N          M    nb    t(s)
   1  9.072e+00    8.88476   131.1367   23.54624   160    3.52
   2  7.449e+00    8.88476   139.0139   25.11377   160    3.20
   3  4.841e+00    8.88476   136.6052   23.82976   160    3.16
   4  4.740e+00    8.88476   139.2278   25.13675   160    3.13
   5  3.448e+00    8.88476   136.3411   23.99528   160    3.10
   6  2.807e+00    8.88476   138.9788   24.99547   160    3.11
   7  1.892e+00    8.88476   137.0995   24.45749   160    3.33
   8  7.310e-01    8.88476   137.4007   24.69604   160    4.20
   9  7.421e-01    8.88476   137.1317   24.53029   160    3.44
  10  5.324e-01    8.88476   137.5215   24.79220   160    3.49
  11  3.691e-01    8.88476   137.4069   24.74821   160    3.27
  12  3.033e-01    8.88476   137.4596   24.81893   160    3.27
  13  4.630e-01    8.88476   137.2660   24.87510   160    3.18
  14  3.203e-01    8.88476   137.5663   24.98792   160    3.24
  15  5.129e-01    8.88476   137.2897   25.23919   160    3.16
  16  4.425e-01    8.88476   137.3513   25.14220   160    3.40
  17  2.734e-01    8.88476   137.3994   25.31450   160    3.96
  18  3.595e-01    8.88476   137.5405   25.51974   160    3.58
  19  3.021e-01    8.88476   137.3794   25.38976   160    3.28
  20  2.241e-01    8.88476   137.4954   25.38134   160    3.37
  21  2.519e-01    8.88476   137.5203   25.53217   160    3.46
  22  3.200e-01    8.88476   137.3456   25.54132   160    3.37
  23  1.994e-01    8.88476   137.5651   25.53364   160    3.61
  24  2.108e-01    8.88476   137.4844   25.55746   160    3.37
  25  1.310e-01    8.88476   137.5025   25.56714   160    5.11
  26  1.120e-01    8.88476   137.4831   25.56292   160    3.80
  27  1.360e-01    8.88476   137.3975   25.54659   160    3.30
  28  2.002e-01    8.88476   137.6122   25.70753   160    3.43
  29  1.057e-01    8.88476   137.4329   25.62526   160    3.23
  30  6.485e-02    8.88476   137.4653   25.66052   160    3.35
  31  5.462e-02    8.88476   137.4800   25.67857   160    3.33
  32  2.865e-02    8.88476   137.4580   25.67627   160    3.23
  33  2.364e-02    8.88476   137.4655   25.68784   160    3.36
  34  2.101e-02    8.88476   137.4616   25.69051   160    3.86
  35  1.452e-02    8.88476   137.4648   25.69557   160    4.31
  36  9.875e-03    8.88476   137.4665   25.69775   160    3.90
  37  8.775e-03    8.88476   137.4621   25.69687   160    3.41
  38  7.156e-03    8.88476   137.4696   25.70183   160    3.64
  39  5.512e-03    8.88476   137.4634   25.69907   160    3.25
  40  4.184e-03    8.88476   137.4656   25.70057   160    3.35
  41  2.923e-03    8.88476   137.4665   25.70102   160    4.04
  42  1.868e-03    8.88476   137.4651   25.70020   160    3.36
  43  1.800e-03    8.88476   137.4656   25.70042   160    3.40
  44  1.627e-03    8.88476   137.4654   25.70026   160    3.62
  45  1.321e-03    8.88476   137.4655   25.70025   160    3.42
  46  1.011e-03    8.88476   137.4659   25.70041   160    3.24
  47  7.737e-04    8.88476   137.4651   25.69997   160    3.45
  48  5.790e-04    8.88476   137.4658   25.70029   160    3.35
  49  5.008e-04    8.88476   137.4655   25.70008   160    3.37
  50  3.772e-04    8.88476   137.4655   25.70005   160    3.49
  51  3.534e-04    8.88476   137.4657   25.70012   160    3.27
  52  3.337e-04    8.88476   137.4656   25.70001   160    3.45
  53  3.253e-04    8.88476   137.4656   25.70001   160    3.42
  54  2.825e-04    8.88476   137.4656   25.69998   160    3.63
  55  2.136e-04    8.88476   137.4655   25.69993   160    3.54
  56  1.924e-04    8.88476   137.4657   25.69999   160    3.29
  57  1.571e-04    8.88476   137.4655   25.69987   160    3.27
  58  1.249e-04    8.88476   137.4656   25.69990   160    3.59
  59  9.651e-05    8.88476   137.4656   25.69989   160    3.29
SCF converged after 59 iterations, 205.0 s
saved results/qpc_wx1.0_A_quad_B6.npz
 B[T]    M_loc M_win300         M   M_wire   it    t[s]         N   nup_far   ndn_far  top_up  top_dn mu-top_up mu-top_dn    D_dn   D_up0  conv
    6   0.2976   0.2133   25.6999  25.4023   59   205.0  137.4656  0.016541  0.011460  0.2275  1.8871   +0.7990   -1.1501  +1.259  -0.683  True
  M = 25.6999, M_loc = 0.2976, M_win300 = 0.2133
  [up] peaks: x=-104.8 nm h=0.2275, x=+104.8 nm h=0.2275
  [up] e_0(0)-e_0(far) = -0.0551 meV;  mu - e_0(far) = 1.0264 meV
  [dn] peaks: x=+0.0 nm h=1.8871
  [dn] e_0(0)-e_0(far) = 1.8871 meV;  mu - e_0(far) = 0.7370 meV
  n_1D(0) = 0.013629 nm^-1 (up 0.013584, dn 0.000045)
  D_dn = top_dn - top_unpol = +1.2589 meV, D_up0 = e_0,up(0) - top_unpol = -0.6833 meV

##### B = 4 T: leads (interacting) mu = 8.91293 meV, M_wire = 20.2418 (1.3 s)
SCF: spin-polarised, mu = 8.9129 meV, B = 4.0 T, kT = 0.05 meV, method = dense, interp = quadratic
  it   residual    mu(meV)          N          M    nb    t(s)
   1  2.623e+00    8.91293   140.0890   23.84481   160    3.27
   2  4.518e+00    8.91293   134.3611   20.81046   160    3.46
   3  3.326e+00    8.91293   136.3419   21.75333   160    3.71
   4  1.811e+00    8.91293   136.8673   21.27919   160    3.29
   5  4.539e-01    8.91293   137.5105   20.96660   160    3.35
   6  3.103e-01    8.91293   137.5456   20.86412   160    5.55
   7  1.929e-01    8.91293   137.5017   20.73533   160    3.85
   8  1.012e-01    8.91293   137.4921   20.66249   160    3.48
   9  9.383e-02    8.91293   137.5076   20.65901   160    3.81
  10  9.648e-02    8.91293   137.4970   20.63756   160    3.41
  11  1.168e-01    8.91293   137.4256   20.59771   160    3.51
  12  6.528e-02    8.91293   137.5146   20.59720   160    3.61
  13  5.963e-02    8.91293   137.5053   20.57641   160    3.54
  14  5.249e-02    8.91293   137.4919   20.56998   160    3.46
  15  4.601e-02    8.91293   137.5114   20.57130   160    3.43
  16  2.677e-02    8.91293   137.5015   20.56444   160    3.45
  17  1.980e-02    8.91293   137.4883   20.55741   160    6.23
  18  1.859e-02    8.91293   137.4901   20.55657   160    5.47
  19  1.444e-02    8.91293   137.4931   20.55509   160    4.60
  20  1.248e-02    8.91293   137.4950   20.55500   160    3.68
  21  8.742e-03    8.91293   137.4928   20.55252   160    3.22
  22  7.158e-03    8.91293   137.4989   20.55375   160    3.35
  23  5.086e-03    8.91293   137.4971   20.55259   160    3.47
  24  4.038e-03    8.91293   137.4952   20.55200   160    3.26
  25  2.882e-03    8.91293   137.4973   20.55271   160    3.35
  26  1.372e-03    8.91293   137.4960   20.55232   160    3.57
  27  1.096e-03    8.91293   137.4955   20.55222   160    3.56
  28  8.189e-04    8.91293   137.4958   20.55233   160    3.44
  29  5.419e-04    8.91293   137.4959   20.55237   160    3.45
  30  4.609e-04    8.91293   137.4961   20.55241   160    3.41
  31  3.788e-04    8.91293   137.4960   20.55236   160    3.60
  32  3.233e-04    8.91293   137.4962   20.55247   160    3.50
  33  1.525e-04    8.91293   137.4960   20.55244   160    3.32
  34  9.978e-05    8.91293   137.4960   20.55244   160    3.25
SCF converged after 34 iterations, 126.2 s
saved results/qpc_wx1.0_A_quad_B4.npz
 B[T]    M_loc M_win300         M   M_wire   it    t[s]         N   nup_far   ndn_far  top_up  top_dn mu-top_up mu-top_dn    D_dn   D_up0  conv
    4   0.3107   0.2327   20.5524  20.2418   34   126.2  137.4960  0.016025  0.011976  0.2844  1.7679   +0.7195   -0.9712  +1.140  -0.691  True
  M = 20.5524, M_loc = 0.3107, M_win300 = 0.2327
  [up] peaks: x=-95.2 nm h=0.2844, x=+95.2 nm h=0.2844
  [up] e_0(0)-e_0(far) = -0.0629 meV;  mu - e_0(far) = 1.0039 meV
  [dn] peaks: x=+0.0 nm h=1.7679
  [dn] e_0(0)-e_0(far) = 1.7679 meV;  mu - e_0(far) = 0.7966 meV
  n_1D(0) = 0.013387 nm^-1 (up 0.013287, dn 0.000099)
  D_dn = top_dn - top_unpol = +1.1397 meV, D_up0 = e_0,up(0) - top_unpol = -0.6911 meV
  LDOS eta=0.05: up resonance e-mu = -0.9019 meV, FWHM = 0.2226 meV; dn onset e-mu = +0.8261 meV; U = 1.7280 meV
  LDOS eta=0.1: up resonance e-mu = -0.9019 meV, FWHM = 0.3019 meV; dn onset e-mu = +0.7481 meV; U = 1.6500 meV

##### B = 2 T: leads (interacting) mu = 8.93986 meV, M_wire = 13.4236 (1.3 s)
SCF: spin-polarised, mu = 8.9399 meV, B = 2.0 T, kT = 0.05 meV, method = dense, interp = quadratic
  it   residual    mu(meV)          N          M    nb    t(s)
   1  2.793e+00    8.93986   140.2892   18.18024   160    3.31
   2  4.826e+00    8.93986   134.0381   15.25247   160    3.42
   3  3.701e+00    8.93986   136.1910   16.12173   160    3.41
   4  1.981e+00    8.93986   137.0261   15.36293   160    3.22
   5  6.039e-01    8.93986   137.7316   14.57932   160    3.44
   6  4.191e-01    8.93986   137.6536   14.35283   160    3.47
   7  2.963e-01    8.93986   137.4870   14.11994   160    3.18
   8  2.174e-01    8.93986   137.4460   13.94722   160    3.36
   9  1.532e-01    8.93986   137.5426   14.00156   160    3.76
  10  1.547e-01    8.93986   137.4982   13.92487   160    3.49
  11  1.496e-01    8.93986   137.4512   13.90630   160    3.24
  12  9.940e-02    8.93986   137.5414   13.87571   160    3.50
  13  1.134e-01    8.93986   137.5630   13.86881   160    3.47
  14  1.008e-01    8.93986   137.5370   13.84396   160    3.45
  15  1.061e-01    8.93986   137.5566   13.84513   160    3.45
  16  8.814e-02    8.93986   137.5664   13.81368   160    3.29
  17  7.087e-02    8.93986   137.5420   13.79462   160    3.47
  18  5.139e-02    8.93986   137.5165   13.78938   160    3.63
  19  5.772e-02    8.93986   137.5507   13.80428   160    3.23
  20  3.952e-02    8.93986   137.5371   13.80493   160    3.31
  21  2.139e-02    8.93986   137.5183   13.81202   160    3.40
  22  1.386e-02    8.93986   137.5282   13.82335   160    3.34
  23  1.123e-02    8.93986   137.5301   13.82736   160    3.20
  24  7.533e-03    8.93986   137.5268   13.82756   160    3.22
  25  6.203e-03    8.93986   137.5271   13.82968   160    3.17
  26  4.841e-03    8.93986   137.5293   13.83029   160    3.32
  27  3.259e-03    8.93986   137.5281   13.83003   160    3.31
  28  4.184e-03    8.93986   137.5253   13.82973   160    3.21
  29  2.457e-03    8.93986   137.5274   13.82957   160    3.25
  30  2.052e-03    8.93986   137.5277   13.82945   160    3.35
  31  1.836e-03    8.93986   137.5268   13.82887   160    3.64
  32  1.464e-03    8.93986   137.5272   13.82874   160    3.50
  33  1.114e-03    8.93986   137.5277   13.82857   160    3.45
  34  8.926e-04    8.93986   137.5275   13.82852   160    3.80
  35  8.225e-04    8.93986   137.5273   13.82838   160    3.46
  36  7.519e-04    8.93986   137.5276   13.82847   160    3.42
  37  7.873e-04    8.93986   137.5275   13.82852   160    3.54
  38  1.013e-03    8.93986   137.5270   13.82843   160    3.56
  39  8.829e-04    8.93986   137.5271   13.82837   160    3.28
  40  7.877e-04    8.93986   137.5274   13.82843   160    3.38
  41  7.454e-04    8.93986   137.5271   13.82818   160    3.34
  42  4.708e-04    8.93986   137.5272   13.82792   160    4.53
  43  2.877e-04    8.93986   137.5274   13.82774   160    3.29
  44  2.011e-04    8.93986   137.5274   13.82768   160    3.49
  45  1.463e-04    8.93986   137.5273   13.82765   160    3.30
  46  8.253e-05    8.93986   137.5274   13.82760   160    3.31
SCF converged after 46 iterations, 157.5 s
saved results/qpc_wx1.0_A_quad_B2.npz
 B[T]    M_loc M_win300         M   M_wire   it    t[s]         N   nup_far   ndn_far  top_up  top_dn mu-top_up mu-top_dn    D_dn   D_up0  conv
    2   0.4040   0.3492   13.8276  13.4236   46   157.5  137.5274  0.015343  0.012658  0.3515  1.6026   +0.6259   -0.7433  +0.974  -0.683  True
  M = 13.8276, M_loc = 0.4040, M_win300 = 0.3492
  [up] peaks: x=-85.7 nm h=0.3515, x=+85.7 nm h=0.3515
  [up] e_0(0)-e_0(far) = -0.0545 meV;  mu - e_0(far) = 0.9774 meV
  [dn] peaks: x=+0.0 nm h=1.6026
  [dn] e_0(0)-e_0(far) = 1.6026 meV;  mu - e_0(far) = 0.8592 meV
  n_1D(0) = 0.013146 nm^-1 (up 0.012911, dn 0.000235)
  D_dn = top_dn - top_unpol = +0.9744 meV, D_up0 = e_0,up(0) - top_unpol = -0.6827 meV
  LDOS eta=0.05: up resonance e-mu = -0.8754 meV, FWHM = 0.1271 meV; dn onset e-mu = +0.7546 meV; U = 1.6300 meV
  LDOS eta=0.1: up resonance e-mu = -0.8734 meV, FWHM = 0.2375 meV; dn onset e-mu = +0.5346 meV; U = 1.4080 meV

##### B = 1 T: leads (interacting) mu = 8.95119 meV, M_wire = 7.9801 (1.3 s)
SCF: spin-polarised, mu = 8.9512 meV, B = 1.0 T, kT = 0.05 meV, method = dense, interp = quadratic
  it   residual    mu(meV)          N          M    nb    t(s)
   1  1.814e+00    8.95119   138.9500   12.01316   160    3.76
   2  2.672e+00    8.95119   135.6027   10.79661   160    3.70
   3  2.212e+00    8.95119   136.8374   11.11642   160    3.75
   4  1.168e+00    8.95119   137.3002   10.08359   160    3.45
   5  4.067e-01    8.95119   137.6692    9.14228   160    3.40
   6  2.639e-01    8.95119   137.6243    8.93513   160    3.59
   7  2.138e-01    8.95119   137.5362    8.80321   160    3.78
   8  1.889e-01    8.95119   137.4458    8.63546   160    3.34
   9  1.163e-01    8.95119   137.5202    8.68883   160    3.56
  10  9.897e-02    8.95119   137.5165    8.65644   160    3.22
  11  8.498e-02    8.95119   137.4942    8.64416   160    3.69
  12  4.394e-02    8.95119   137.5284    8.63137   160    3.26
  13  3.808e-02    8.95119   137.5545    8.64636   160    3.24
  14  2.828e-02    8.95119   137.5408    8.62516   160    3.25
  15  2.980e-02    8.95119   137.5389    8.62486   160    3.38
  16  3.457e-02    8.95119   137.5537    8.60797   160    3.32
  17  3.378e-02    8.95119   137.5480    8.59332   160    3.51
  18  3.098e-02    8.95119   137.5313    8.58520   160    3.21
  19  3.031e-02    8.95119   137.5423    8.58847   160    3.25
  20  2.571e-02    8.95119   137.5462    8.58975   160    3.25
  21  1.656e-02    8.95119   137.5325    8.59773   160    3.27
  22  1.196e-02    8.95119   137.5363    8.60615   160    3.63
  23  7.101e-03    8.95119   137.5410    8.61403   160    3.42
  24  5.732e-03    8.95119   137.5411    8.61319   160    3.54
  25  4.216e-03    8.95119   137.5394    8.61380   160    3.28
  26  3.413e-03    8.95119   137.5411    8.61405   160    3.56
  27  2.981e-03    8.95119   137.5426    8.61280   160    3.67
  28  2.822e-03    8.95119   137.5409    8.61153   160    3.61
  29  2.158e-03    8.95119   137.5411    8.61099   160    3.43
  30  1.786e-03    8.95119   137.5422    8.60992   160    3.48
  31  1.185e-03    8.95119   137.5412    8.60935   160    3.96
  32  9.996e-04    8.95119   137.5410    8.60938   160    3.35
  33  8.880e-04    8.95119   137.5413    8.60960   160    3.66
  34  7.280e-04    8.95119   137.5415    8.60963   160    3.73
  35  3.866e-04    8.95119   137.5411    8.60966   160    3.43
  36  2.193e-04    8.95119   137.5412    8.60981   160    3.50
  37  2.176e-04    8.95119   137.5413    8.60987   160    3.40
  38  1.774e-04    8.95119   137.5413    8.60989   160    3.29
  39  1.223e-04    8.95119   137.5412    8.60990   160    3.39
  40  9.122e-05    8.95119   137.5413    8.60993   160    3.53
SCF converged after 40 iterations, 139.3 s
saved results/qpc_wx1.0_A_quad_B1.npz
 B[T]    M_loc M_win300         M   M_wire   it    t[s]         N   nup_far   ndn_far  top_up  top_dn mu-top_up mu-top_dn    D_dn   D_up0  conv
    1   0.6298   0.5979    8.6099   7.9801   40   139.3  137.5413  0.014799  0.013202  0.3750  1.5220   +0.5834   -0.6283  +0.894  -0.673  True
  M = 8.6099, M_loc = 0.6298, M_win300 = 0.5979
  [up] peaks: x=-85.7 nm h=0.3750, x=+85.7 nm h=0.3750
  [up] e_0(0)-e_0(far) = -0.0449 meV;  mu - e_0(far) = 0.9584 meV
  [dn] peaks: x=+0.0 nm h=1.5220
  [dn] e_0(0)-e_0(far) = 1.5220 meV;  mu - e_0(far) = 0.8937 meV
  n_1D(0) = 0.013140 nm^-1 (up 0.012784, dn 0.000356)
  D_dn = top_dn - top_unpol = +0.8938 meV, D_up0 = e_0,up(0) - top_unpol = -0.6731 meV
  LDOS eta=0.05: up resonance e-mu = -0.8264 meV, FWHM = 0.1306 meV; dn onset e-mu = +0.6436 meV; U = 1.4700 meV
  LDOS eta=0.1: up resonance e-mu = -0.8224 meV, FWHM = 0.2416 meV; dn onset e-mu = +0.3696 meV; U = 1.1920 meV

##### B = 0.5 T: leads (interacting) mu = 8.95503 meV, M_wire = 4.2766 (1.3 s)
SCF: spin-polarised, mu = 8.9550 meV, B = 0.5 T, kT = 0.05 meV, method = dense, interp = quadratic
  it   residual    mu(meV)          N          M    nb    t(s)
   1  1.205e+00    8.95503   138.0853    7.40488   160    3.71
   2  1.350e+00    8.95503   136.7507    7.01881   160    3.47
   3  1.212e+00    8.95503   137.3349    7.08165   160    3.58
   4  5.453e-01    8.95503   137.4608    5.97034   160    3.38
   5  2.316e-01    8.95503   137.5715    5.35367   160    3.37
   6  1.606e-01    8.95503   137.5606    5.25309   160    3.49
   7  1.309e-01    8.95503   137.5233    5.17628   160    3.36
   8  9.828e-02    8.95503   137.5070    5.12038   160    3.20
   9  6.280e-02    8.95503   137.5388    5.13554   160    3.36
  10  4.984e-02    8.95503   137.5369    5.11825   160    3.49
  11  4.136e-02    8.95503   137.5189    5.11440   160    3.22
  12  1.794e-02    8.95503   137.5442    5.10926   160    3.25
  13  1.852e-02    8.95503   137.5519    5.11278   160    3.44
  14  1.344e-02    8.95503   137.5440    5.10522   160    3.28
  15  1.537e-02    8.95503   137.5472    5.10336   160    3.44
  16  1.596e-02    8.95503   137.5534    5.09520   160    3.25
  17  1.558e-02    8.95503   137.5498    5.08904   160    3.23
  18  1.703e-02    8.95503   137.5445    5.08362   160    3.50
  19  1.558e-02    8.95503   137.5492    5.08149   160    3.23
  20  1.325e-02    8.95503   137.5503    5.07951   160    3.12
  21  9.566e-03    8.95503   137.5428    5.07926   160    3.43
  22  8.221e-03    8.95503   137.5461    5.08151   160    3.37
  23  7.442e-03    8.95503   137.5490    5.08468   160    3.31
  24  4.535e-03    8.95503   137.5459    5.08518   160    3.56
  25  3.242e-03    8.95503   137.5462    5.08584   160    3.31
  26  2.811e-03    8.95503   137.5476    5.08666   160    3.36
  27  2.334e-03    8.95503   137.5481    5.08724   160    3.59
  28  1.985e-03    8.95503   137.5473    5.08729   160    3.55
  29  1.421e-03    8.95503   137.5475    5.08743   160    3.53
  30  1.071e-03    8.95503   137.5479    5.08760   160    3.30
  31  8.328e-04    8.95503   137.5472    5.08729   160    3.52
  32  8.609e-04    8.95503   137.5471    5.08718   160    3.55
  33  6.587e-04    8.95503   137.5475    5.08719   160    3.38
  34  6.099e-04    8.95503   137.5473    5.08701   160    3.77
  35  5.686e-04    8.95503   137.5471    5.08665   160    3.43
  36  3.842e-04    8.95503   137.5473    5.08640   160    3.23
  37  3.993e-04    8.95503   137.5474    5.08627   160    3.45
  38  3.114e-04    8.95503   137.5474    5.08619   160    3.54
  39  2.383e-04    8.95503   137.5473    5.08614   160    3.23
  40  2.443e-04    8.95503   137.5475    5.08608   160    3.44
  41  2.274e-04    8.95503   137.5474    5.08602   160    3.27
  42  2.560e-04    8.95503   137.5473    5.08597   160    3.25
  43  1.835e-04    8.95503   137.5474    5.08597   160    3.29
  44  1.600e-04    8.95503   137.5474    5.08595   160    3.41
  45  1.385e-04    8.95503   137.5473    5.08595   160    3.38
  46  1.223e-04    8.95503   137.5473    5.08596   160    3.40
  47  1.147e-04    8.95503   137.5474    5.08597   160    3.26
  48  8.887e-05    8.95503   137.5474    5.08598   160    3.33
SCF converged after 48 iterations, 163.2 s
saved results/qpc_wx1.0_A_quad_B0.5.npz
 B[T]    M_loc M_win300         M   M_wire   it    t[s]         N   nup_far   ndn_far  top_up  top_dn mu-top_up mu-top_dn    D_dn   D_up0  conv
  0.5   0.8094   0.7979    5.0860   4.2766   48   163.2  137.5474  0.014428  0.013573  0.3791  1.4689   +0.5664   -0.5571  +0.841  -0.664  True
  M = 5.0860, M_loc = 0.8094, M_win300 = 0.7979
  [up] peaks: x=-85.7 nm h=0.3791, x=+85.7 nm h=0.3791
  [up] e_0(0)-e_0(far) = -0.0358 meV;  mu - e_0(far) = 0.9454 meV
  [dn] peaks: x=+0.0 nm h=1.4689
  [dn] e_0(0)-e_0(far) = 1.4689 meV;  mu - e_0(far) = 0.9118 meV
  n_1D(0) = 0.013186 nm^-1 (up 0.012723, dn 0.000463)
  D_dn = top_dn - top_unpol = +0.8407 meV, D_up0 = e_0,up(0) - top_unpol = -0.6640 meV
  LDOS eta=0.05: up resonance e-mu = -0.7934 meV, FWHM = 0.1343 meV; dn onset e-mu = +0.5526 meV; U = 1.3460 meV
  LDOS eta=0.1: up resonance e-mu = -0.7894 meV, FWHM = 0.2459 meV; dn onset e-mu = +0.2866 meV; U = 1.0760 meV

##### B = 0.25 T: leads (interacting) mu = 8.95611 meV, M_wire = 2.1831 (1.2 s)
SCF: spin-polarised, mu = 8.9561 meV, B = 0.25 T, kT = 0.05 meV, method = dense, interp = quadratic
  it   residual    mu(meV)          N          M    nb    t(s)
   1  6.766e-01    8.95611   137.7083    4.40941   160    3.77
   2  6.647e-01    8.95611   137.3057    4.28601   160    3.39
   3  6.202e-01    8.95611   137.5659    4.27821   160    3.47
   4  1.959e-01    8.95611   137.5317    3.41941   160    3.41
   5  1.113e-01    8.95611   137.5495    3.20939   160    3.29
   6  8.605e-02    8.95611   137.5482    3.17762   160    3.54
   7  6.512e-02    8.95611   137.5407    3.14110   160    3.28
   8  4.342e-02    8.95611   137.5423    3.12550   160    3.24
   9  3.116e-02    8.95611   137.5517    3.12016   160    3.17
  10  2.674e-02    8.95611   137.5479    3.11273   160    3.24
  11  1.784e-02    8.95611   137.5374    3.10832   160    3.24
  12  9.094e-03    8.95611   137.5520    3.10818   160    3.42
  13  7.948e-03    8.95611   137.5482    3.10763   160    3.49
  14  8.461e-03    8.95611   137.5508    3.10716   160    3.40
  15  9.839e-03    8.95611   137.5516    3.10641   160    3.48
  16  9.467e-03    8.95611   137.5501    3.10483   160    3.27
  17  1.065e-02    8.95611   137.5511    3.10277   160    3.37
  18  9.910e-03    8.95611   137.5508    3.10000   160    3.79
  19  8.578e-03    8.95611   137.5498    3.09732   160    3.29
  20  7.668e-03    8.95611   137.5528    3.09491   160    3.18
  21  7.116e-03    8.95611   137.5462    3.09196   160    3.50
  22  4.901e-03    8.95611   137.5528    3.09017   160    3.51
  23  3.872e-03    8.95611   137.5492    3.08826   160    3.40
  24  3.208e-03    8.95611   137.5502    3.08747   160    3.45
  25  2.811e-03    8.95611   137.5505    3.08697   160    3.32
  26  2.595e-03    8.95611   137.5501    3.08639   160    3.69
  27  1.893e-03    8.95611   137.5507    3.08591   160    3.34
  28  1.483e-03    8.95611   137.5508    3.08556   160    3.21
  29  1.089e-03    8.95611   137.5503    3.08541   160    3.39
  30  9.166e-04    8.95611   137.5510    3.08517   160    3.61
  31  7.211e-04    8.95611   137.5502    3.08516   160    3.60
  32  5.377e-04    8.95611   137.5506    3.08509   160    3.57
  33  4.911e-04    8.95611   137.5504    3.08506   160    3.56
  34  5.539e-04    8.95611   137.5504    3.08502   160    3.57
  35  5.734e-04    8.95611   137.5505    3.08495   160    3.30
  36  6.035e-04    8.95611   137.5503    3.08482   160    3.42
  37  6.411e-04    8.95611   137.5505    3.08463   160    3.47
  38  6.466e-04    8.95611   137.5507    3.08453   160    3.75
  39  6.072e-04    8.95611   137.5503    3.08432   160    3.36
  40  5.919e-04    8.95611   137.5509    3.08410   160    3.42
  41  5.059e-04    8.95611   137.5505    3.08395   160    3.33
  42  3.860e-04    8.95611   137.5507    3.08373   160    3.88
  43  3.027e-04    8.95611   137.5507    3.08358   160    3.75
  44  2.281e-04    8.95611   137.5506    3.08348   160    3.82
  45  1.925e-04    8.95611   137.5507    3.08343   160    3.45
  46  1.721e-04    8.95611   137.5506    3.08341   160    3.41
  47  1.574e-04    8.95611   137.5506    3.08339   160    3.42
  48  1.288e-04    8.95611   137.5507    3.08340   160    3.33
  49  1.019e-04    8.95611   137.5506    3.08339   160    3.47
  50  9.599e-05    8.95611   137.5507    3.08340   160    3.75
SCF converged after 50 iterations, 173.2 s
saved results/qpc_wx1.0_A_quad_B0.25.npz
 B[T]    M_loc M_win300         M   M_wire   it    t[s]         N   nup_far   ndn_far  top_up  top_dn mu-top_up mu-top_dn    D_dn   D_up0  conv
 0.25   0.9003   0.9019    3.0834   2.1831   50   173.2  137.5507  0.014219  0.013782  0.3838  1.4251   +0.5540   -0.5042  +0.797  -0.653  True
  M = 3.0834, M_loc = 0.9003, M_win300 = 0.9019
  [up] peaks: x=-76.2 nm h=0.3838, x=+76.2 nm h=0.3838
  [up] e_0(0)-e_0(far) = -0.0248 meV;  mu - e_0(far) = 0.9379 meV
  [dn] peaks: x=+0.0 nm h=1.4251
  [dn] e_0(0)-e_0(far) = 1.4251 meV;  mu - e_0(far) = 0.9209 meV
  n_1D(0) = 0.013243 nm^-1 (up 0.012678, dn 0.000565)
  D_dn = top_dn - top_unpol = +0.7969 meV, D_up0 = e_0,up(0) - top_unpol = -0.6530 meV
  LDOS eta=0.05: up resonance e-mu = -0.7699 meV, FWHM = 0.1383 meV; dn onset e-mu = +0.4721 meV; U = 1.2420 meV
  LDOS eta=0.1: up resonance e-mu = -0.7659 meV, FWHM = 0.2505 meV; dn onset e-mu = +0.2181 meV; U = 0.9840 meV

##### B = 0 T: leads (interacting) mu = 8.95648 meV, M_wire = 0.0000 (1.1 s)
SCF: spin-polarised, mu = 8.9565 meV, B = 0.0 T, kT = 0.05 meV, method = dense, interp = quadratic
  it   residual    mu(meV)          N          M    nb    t(s)
   1  7.038e-01    8.95648   137.5969    2.37958   160    3.30
   2  6.570e-01    8.95648   137.4785    2.28564   160    3.60
   3  5.495e-01    8.95648   137.8730    2.13098   160    3.67
   4  1.284e-01    8.95648   137.5525    1.18461   160    3.28
   5  1.002e-01    8.95648   137.5556    1.10633   160    3.36
   6  8.581e-02    8.95648   137.5521    1.07862   160    3.35
   7  5.498e-02    8.95648   137.5468    1.05010   160    3.73
   8  4.287e-02    8.95648   137.5516    1.03583   160    3.69
   9  2.364e-02    8.95648   137.5578    1.01940   160    3.29
  10  2.153e-02    8.95648   137.5515    1.01957   160    3.49
  11  1.351e-02    8.95648   137.5470    1.01447   160    3.66
  12  1.094e-02    8.95648   137.5554    1.01475   160    3.81
  13  9.300e-03    8.95648   137.5518    1.01385   160    3.74
  14  1.134e-02    8.95648   137.5542    1.01278   160    3.44
  15  1.360e-02    8.95648   137.5557    1.01065   160    3.40
  16  1.386e-02    8.95648   137.5531    1.00952   160    3.58
  17  1.395e-02    8.95648   137.5537    1.00721   160    3.38
  18  1.391e-02    8.95648   137.5556    1.00308   160    3.70
  19  1.366e-02    8.95648   137.5542    0.99127   160    3.43
  20  1.435e-02    8.95648   137.5586    0.98438   160    3.24
  21  1.248e-02    8.95648   137.5512    0.97601   160    3.40
  22  1.221e-02    8.95648   137.5536    0.97217   160    3.18
  23  1.239e-02    8.95648   137.5551    0.97437   160    3.29
  24  1.240e-02    8.95648   137.5549    0.97518   160    3.51
  25  1.285e-02    8.95648   137.5565    0.97300   160    3.17
  26  1.296e-02    8.95648   137.5552    0.97332   160    3.35
  27  9.934e-03    8.95648   137.5538    0.97400   160    3.46
  28  8.580e-03    8.95648   137.5546    0.97634   160    3.14
  29  8.348e-03    8.95648   137.5544    0.97641   160    3.45
  30  8.284e-03    8.95648   137.5544    0.97494   160    3.56
  31  8.563e-03    8.95648   137.5562    0.96851   160    3.67
  32  8.630e-03    8.95648   137.5550    0.96214   160    3.45
  33  9.792e-03    8.95648   137.5510    0.97682   160    3.31
  34  1.188e-02    8.95648   137.5545    1.01258   160    5.22
  35  1.210e-02    8.95648   137.5574    0.99852   160    3.51
  36  1.340e-02    8.95648   137.5545    0.97515   160    3.37
  37  1.395e-02    8.95648   137.5595    0.93226   160    3.25
  38  1.671e-02    8.95648   137.5608    0.88560   160    3.67
  39  1.148e-02    8.95648   137.5587    0.94636   160    3.81
  40  9.511e-03    8.95648   137.5557    0.95271   160    6.68
  41  8.891e-03    8.95648   137.5550    0.96545   160    3.94
  42  9.972e-03    8.95648   137.5517    1.00003   160    3.60
  43  1.229e-02    8.95648   137.5526    1.02540   160    3.58
  44  1.120e-02    8.95648   137.5576    0.99477   160    3.17
  45  9.383e-03    8.95648   137.5509    0.98019   160    3.36
  46  8.853e-03    8.95648   137.5529    0.96155   160    3.31
  47  9.208e-03    8.95648   137.5531    0.94832   160    3.30
  48  9.859e-03    8.95648   137.5506    0.97463   160    3.38
  49  1.031e-02    8.95648   137.5506    1.01213   160    3.51
  50  1.156e-02    8.95648   137.5499    1.02112   160    3.79
  51  1.085e-02    8.95648   137.5505    1.01466   160    3.59
  52  1.030e-02    8.95648   137.5572    0.95498   160    3.29
  53  9.455e-03    8.95648   137.5552    0.93379   160    3.14
  54  7.875e-03    8.95648   137.5533    0.96008   160    3.35
  55  1.195e-02    8.95648   137.5506    1.03485   160    3.25
  56  7.771e-03    8.95648   137.5542    0.96557   160    3.22
  57  1.400e-02    8.95648   137.5577    0.88674   160    3.42
  58  1.199e-02    8.95648   137.5577    0.90618   160    3.28
  59  1.244e-02    8.95648   137.5551    0.89851   160    3.36
  60  9.975e-03    8.95648   137.5558    0.94399   160    3.76
  61  1.264e-02    8.95648   137.5552    0.90494   160    3.29
  62  1.915e-02    8.95648   137.5582    0.85944   160    3.29
  63  1.800e-02    8.95648   137.5577    0.86373   160    3.16
  64  8.130e-03    8.95648   137.5535    0.99065   160    3.47
  65  8.956e-03    8.95648   137.5521    1.00817   160    3.23
  66  1.116e-02    8.95648   137.5562    0.90776   160    3.48
  67  2.167e-02    8.95648   137.5555    0.84711   160    3.29
  68  5.062e-02    8.95648   137.5552    0.74392   160    3.53
  69  5.475e-02    8.95648   137.5550    0.73441   160    3.23
  70  5.526e-02    8.95648   137.5542    0.73254   160    3.11
  71  5.132e-02    8.95648   137.5544    0.74405   160    3.20
  72  3.978e-02    8.95648   137.5555    0.77693   160    3.27
  73  8.576e-03    8.95648   137.5528    0.98589   160    3.25
  74  7.590e-03    8.95648   137.5529    0.98667   160    3.69
  75  9.637e-03    8.95648   137.5512    1.01355   160    3.60
  76  1.152e-02    8.95648   137.5496    1.02997   160    3.37
  77  1.553e-02    8.95648   137.5478    1.05430   160    3.28
  78  7.651e-03    8.95648   137.5538    0.97426   160    3.47
  79  1.694e-02    8.95648   137.5574    0.87027   160    3.23
  80  1.050e-02    8.95648   137.5544    0.91720   160    3.26
  81  1.882e-02    8.95648   137.5585    0.86124   160    3.44
  82  2.015e-02    8.95648   137.5580    0.85157   160    4.16
  83  2.695e-02    8.95648   137.5572    0.82346   160    3.34
  84  1.745e-02    8.95648   137.5568    0.86386   160    3.78
  85  1.810e-02    8.95648   137.5568    0.86062   160    3.28
  86  8.655e-03    8.95648   137.5535    0.99260   160    3.28
  87  9.545e-03    8.95648   137.5513    1.01349   160    3.20
  88  9.714e-03    8.95648   137.5511    1.01545   160    3.62
  89  1.027e-02    8.95648   137.5543    0.92089   160    3.67
  90  2.822e-02    8.95648   137.5569    0.81460   160    3.12
  91  9.839e-03    8.95648   137.5554    0.91499   160    3.28
  92  8.376e-03    8.95648   137.5515    0.99661   160    3.28
  93  7.274e-03    8.95648   137.5544    0.95261   160    3.36
  94  7.199e-03    8.95648   137.5541    0.96081   160    3.28
  95  8.218e-03    8.95648   137.5519    0.99902   160    3.20
  96  7.167e-03    8.95648   137.5533    0.97721   160    3.32
  97  7.610e-03    8.95648   137.5524    0.99107   160    3.27
  98  7.553e-03    8.95648   137.5534    0.96597   160    3.25
  99  1.331e-02    8.95648   137.5554    0.88918   160    3.22
 100  1.214e-02    8.95648   137.5547    0.90010   160    3.21
 101  1.774e-02    8.95648   137.5571    0.86371   160    3.33
 102  1.912e-02    8.95648   137.5572    0.85781   160    3.12
 103  1.560e-02    8.95648   137.5572    0.87797   160    3.28
 104  1.123e-02    8.95648   137.5556    0.91019   160    3.17
 105  9.045e-03    8.95648   137.5525    1.00026   160    3.31
 106  9.198e-03    8.95648   137.5512    1.01161   160    3.34
 107  7.823e-03    8.95648   137.5522    0.98969   160    3.33
 108  1.240e-02    8.95648   137.5564    0.89436   160    3.33
 109  1.770e-02    8.95648   137.5566    0.86330   160    3.18
 110  2.074e-02    8.95648   137.5567    0.84845   160    3.23
 111  1.034e-02    8.95648   137.5558    0.91195   160    3.30
 112  8.982e-03    8.95648   137.5553    0.92507   160    3.28
 113  7.326e-03    8.95648   137.5528    0.98084   160    3.23
 114  9.049e-03    8.95648   137.5511    1.01132   160    3.76
 115  8.033e-03    8.95648   137.5520    0.99746   160    3.74
 116  7.464e-03    8.95648   137.5542    0.95025   160    3.50
 117  1.363e-02    8.95648   137.5565    0.88581   160    3.60
 118  1.474e-02    8.95648   137.5565    0.87885   160    3.29
 119  1.967e-02    8.95648   137.5569    0.85373   160    3.44
 120  3.387e-02    8.95648   137.5566    0.79682   160    3.27
 121  1.654e-02    8.95648   137.5567    0.86917   160    3.46
 122  8.675e-03    8.95648   137.5552    0.93195   160    3.47
 123  9.736e-03    8.95648   137.5506    1.01841   160    4.91
 124  1.277e-02    8.95648   137.5491    1.04119   160    4.85
 125  7.360e-03    8.95648   137.5528    0.98318   160    3.63
 126  8.392e-03    8.95648   137.5516    1.00391   160    4.43
 127  7.606e-03    8.95648   137.5522    0.99129   160    4.05
 128  7.597e-03    8.95648   137.5524    0.99111   160    4.00
 129  3.600e-02    8.95648   137.5417    1.12676   160    4.75
 130  2.903e-02    8.95648   137.5571    0.81546   160    3.91
 131  1.785e-02    8.95648   137.5470    1.06679   160    3.37
 132  2.209e-02    8.95648   137.5456    1.08433   160    3.48
 133  2.131e-02    8.95648   137.5459    1.08164   160    4.05
 134  2.539e-02    8.95648   137.5446    1.09594   160    3.62
 135  2.075e-02    8.95648   137.5460    1.07934   160    4.15
 136  2.221e-02    8.95648   137.5455    1.08496   160    4.22
 137  8.294e-02    8.95648   137.5296    1.21693   160    4.42
 138  5.013e-02    8.95648   137.5384    1.15986   160    3.22
 139  6.205e-03    8.95648   137.5541    0.96463   160    3.24
 140  6.106e-03    8.95648   137.5551    0.94784   160    3.25
 141  6.146e-03    8.95648   137.5552    0.94528   160    3.20
 142  6.043e-03    8.95648   137.5550    0.95267   160    3.31
 143  6.584e-03    8.95648   137.5547    0.94620   160    3.59
 144  5.807e-03    8.95648   137.5547    0.95261   160    3.23
 145  8.948e-03    8.95648   137.5567    0.90915   160    3.31
 146  7.652e-03    8.95648   137.5545    0.94703   160    3.11
 147  1.426e-02    8.95648   137.5509    1.03990   160    3.42
 148  1.462e-02    8.95648   137.5508    1.04012   160    3.29
 149  1.315e-02    8.95648   137.5515    1.03437   160    3.30
 150  1.145e-02    8.95648   137.5516    1.02509   160    3.32
 151  9.938e-03    8.95648   137.5524    1.01547   160    3.48
 152  1.032e-02    8.95648   137.5520    1.01719   160    3.33
 153  6.934e-03    8.95648   137.5550    0.95792   160    3.38
 154  7.907e-03    8.95648   137.5563    0.93972   160    3.32
 155  7.130e-03    8.95648   137.5547    0.96823   160    3.35
 156  7.957e-03    8.95648   137.5554    0.95054   160    3.27
 157  8.330e-03    8.95648   137.5560    0.94294   160    3.44
 158  8.499e-03    8.95648   137.5550    0.94054   160    3.42
 159  1.869e-02    8.95648   137.5474    1.06005   160    3.30
 160  1.082e-02    8.95648   137.5561    0.90009   160    3.43
 161  1.558e-02    8.95648   137.5571    0.86924   160    3.34
 162  1.475e-02    8.95648   137.5563    0.88999   160    3.58
 163  1.170e-02    8.95648   137.5567    0.89664   160    3.19
 164  3.032e-02    8.95648   137.5584    0.80984   160    3.42
 165  1.981e-02    8.95648   137.5588    0.85123   160    3.18
 166  2.081e-02    8.95648   137.5592    0.84713   160    3.19
 167  1.321e-02    8.95648   137.5585    0.90200   160    3.32
 168  7.438e-03    8.95648   137.5526    0.98595   160    3.60
 169  1.269e-02    8.95648   137.5504    1.03306   160    3.80
 170  2.626e-02    8.95648   137.5446    1.09762   160    3.51
 171  1.993e-02    8.95648   137.5464    1.07500   160    3.41
 172  1.728e-02    8.95648   137.5475    1.06406   160    3.42
 173  1.296e-02    8.95648   137.5494    1.04003   160    3.43
 174  8.300e-03    8.95648   137.5522    0.99804   160    3.30
 175  1.320e-02    8.95648   137.5561    0.88824   160    3.45
 176  2.408e-02    8.95648   137.5574    0.82899   160    3.22
 177  9.933e-03    8.95648   137.5509    1.01291   160    3.22
 178  9.328e-03    8.95648   137.5511    1.01464   160    3.61
 179  1.520e-02    8.95648   137.5484    1.05324   160    3.26
 180  1.647e-02    8.95648   137.5479    1.05930   160    3.29
 181  1.641e-02    8.95648   137.5479    1.05883   160    3.13
 182  1.945e-02    8.95648   137.5466    1.07304   160    3.25
 183  3.169e-02    8.95648   137.5427    1.11348   160    3.44
 184  8.245e-03    8.95648   137.5518    1.00460   160    3.40
 185  8.402e-03    8.95648   137.5559    0.92276   160    3.28
 186  1.010e-02    8.95648   137.5562    0.90545   160    3.27
 187  7.533e-03    8.95648   137.5541    0.94440   160    3.47
 188  7.936e-03    8.95648   137.5524    0.99245   160    3.28
 189  1.020e-02    8.95648   137.5506    1.01936   160    3.27
 190  9.450e-03    8.95648   137.5511    1.01299   160    3.29
 191  9.750e-03    8.95648   137.5559    0.90847   160    3.48
 192  6.562e-03    8.95648   137.5544    0.95207   160    3.47
 193  6.629e-03    8.95648   137.5528    0.98573   160    3.30
 194  6.506e-03    8.95648   137.5541    0.96560   160    3.31
 195  6.656e-03    8.95648   137.5539    0.95537   160    3.53
 196  6.220e-03    8.95648   137.5538    0.96633   160    3.35
 197  7.026e-03    8.95648   137.5528    0.98869   160    3.40
 198  6.931e-03    8.95648   137.5526    0.99004   160    3.78
 199  6.707e-03    8.95648   137.5527    0.98655   160    4.63
 200  2.825e-02    8.95648   137.5558    0.81717   160    3.29
 201  3.689e-02    8.95648   137.5415    1.12830   160    3.67
 202  7.736e-03    8.95648   137.5556    0.92707   160    3.45
 203  9.827e-03    8.95648   137.5563    0.90523   160    3.20
 204  8.853e-03    8.95648   137.5557    0.91568   160    3.41
 205  8.443e-03    8.95648   137.5560    0.92007   160    3.46
 206  7.406e-03    8.95648   137.5554    0.93150   160    3.37
 207  7.430e-03    8.95648   137.5554    0.93151   160    3.58
 208  6.986e-03    8.95648   137.5551    0.93837   160    3.12
 209  6.676e-03    8.95648   137.5549    0.94468   160    3.26
 210  8.779e-03    8.95648   137.5510    1.01500   160    3.27
 211  6.937e-03    8.95648   137.5525    0.99121   160    3.41
 212  6.322e-03    8.95648   137.5540    0.96305   160    3.57
 213  6.348e-03    8.95648   137.5544    0.95550   160    3.18
 214  6.373e-03    8.95648   137.5543    0.95486   160    3.28
 215  6.398e-03    8.95648   137.5545    0.95277   160    3.56
 216  6.783e-03    8.95648   137.5549    0.94318   160    3.28
 217  8.376e-03    8.95648   137.5555    0.92390   160    3.41
 218  9.582e-03    8.95648   137.5561    0.90759   160    3.24
 219  6.641e-03    8.95648   137.5530    0.98369   160    3.58
 220  7.564e-03    8.95648   137.5520    1.00088   160    3.66
 221  6.758e-03    8.95648   137.5530    0.98477   160    3.27
 222  6.520e-03    8.95648   137.5532    0.97920   160    3.27
 223  6.500e-03    8.95648   137.5531    0.97975   160    3.50
 224  6.477e-03    8.95648   137.5531    0.97697   160    3.34
 225  1.247e-02    8.95648   137.5562    0.88998   160    4.08
 226  6.611e-03    8.95648   137.5535    0.97121   160    3.88
 227  6.378e-03    8.95648   137.5531    0.97879   160    3.61
 228  6.456e-03    8.95648   137.5529    0.98157   160    3.19
 229  1.214e-02    8.95648   137.5496    1.04013   160    3.31
 230  6.497e-03    8.95648   137.5536    0.97776   160    3.37
 231  6.262e-03    8.95648   137.5543    0.95642   160    3.43
 232  6.385e-03    8.95648   137.5546    0.95223   160    3.15
 233  6.595e-03    8.95648   137.5547    0.94739   160    3.71
 234  6.276e-03    8.95648   137.5546    0.95282   160    3.32
 235  8.369e-03    8.95648   137.5558    0.92054   160    3.57
 236  7.272e-03    8.95648   137.5552    0.93632   160    3.36
 237  6.430e-03    8.95648   137.5545    0.95191   160    3.40
 238  1.306e-02    8.95648   137.5488    1.04638   160    3.40
 239  6.943e-03    8.95648   137.5548    0.94394   160    3.83
 240  8.192e-03    8.95648   137.5556    0.92319   160    3.39
 241  8.788e-03    8.95648   137.5559    0.91685   160    3.38
 242  1.500e-02    8.95648   137.5569    0.87214   160    3.57
 243  1.751e-02    8.95648   137.5570    0.85905   160    3.30
 244  1.777e-02    8.95648   137.5571    0.85714   160    3.52
 245  1.901e-02    8.95648   137.5570    0.85192   160    3.10
 246  2.134e-02    8.95648   137.5571    0.84169   160    3.22
 247  7.659e-03    8.95648   137.5522    0.99661   160    3.38
 248  9.222e-03    8.95648   137.5508    1.01733   160    3.53
 249  7.034e-03    8.95648   137.5527    0.98719   160    3.56
 250  7.840e-03    8.95648   137.5549    0.93459   160    3.42
 251  1.341e-02    8.95648   137.5567    0.88187   160    3.36
 252  1.587e-02    8.95648   137.5569    0.86743   160    3.24
 253  1.584e-02    8.95648   137.5569    0.86768   160    3.19
 254  1.538e-02    8.95648   137.5568    0.87012   160    3.37
 255  1.535e-02    8.95648   137.5568    0.87036   160    3.58
 256  7.813e-03    8.95648   137.5553    0.93515   160    3.13
 257  1.163e-02    8.95648   137.5495    1.03621   160    3.30
 258  2.387e-02    8.95648   137.5450    1.08981   160    3.26
 259  6.844e-03    8.95648   137.5531    0.97859   160    3.44
 260  6.706e-03    8.95648   137.5531    0.98246   160    3.39
 261  6.989e-03    8.95648   137.5551    0.94022   160    3.26
 262  6.184e-03    8.95648   137.5540    0.96178   160    3.17
 263  6.183e-03    8.95648   137.5543    0.95796   160    3.34
 264  8.789e-03    8.95648   137.5561    0.91389   160    3.22
 265  6.196e-03    8.95648   137.5539    0.96672   160    4.55
 266  6.376e-03    8.95648   137.5546    0.95195   160    3.22
 267  9.020e-03    8.95648   137.5508    1.01839   160    3.40
 268  6.497e-03    8.95648   137.5541    0.95913   160    3.53
 269  6.310e-03    8.95648   137.5539    0.96396   160    5.35
 270  6.411e-03    8.95648   137.5542    0.95828   160    3.32
 271  6.308e-03    8.95648   137.5538    0.96660   160    3.12
 272  6.240e-03    8.95648   137.5537    0.96912   160    3.27
 273  6.173e-03    8.95648   137.5534    0.97500   160    3.32
 274  7.662e-03    8.95648   137.5524    1.00087   160    3.52
 275  2.405e-02    8.95648   137.5449    1.09364   160    3.29
 276  6.265e-03    8.95648   137.5545    0.96124   160    3.39
 277  2.032e-02    8.95648   137.5571    0.84407   160    3.36
 278  6.248e-03    8.95648   137.5539    0.96501   160    3.37
 279  6.317e-03    8.95648   137.5533    0.97770   160    3.29
 280  6.391e-03    8.95648   137.5531    0.98074   160    3.27
 281  6.527e-03    8.95648   137.5529    0.98454   160    3.45
 282  7.173e-03    8.95648   137.5522    0.99496   160    3.43
 283  7.531e-03    8.95648   137.5519    1.00072   160    3.22
 284  1.070e-02    8.95648   137.5499    1.03086   160    3.19
 285  7.219e-03    8.95648   137.5522    0.99521   160    3.28
 286  1.295e-02    8.95648   137.5566    0.88395   160    3.25
 287  1.050e-02    8.95648   137.5562    0.90134   160    3.57
 288  9.026e-03    8.95648   137.5559    0.91399   160    3.22
 289  9.347e-03    8.95648   137.5560    0.91083   160    3.33
 290  9.028e-03    8.95648   137.5559    0.91388   160    3.08
 291  1.259e-02    8.95648   137.5566    0.88656   160    3.30
 292  2.451e-02    8.95648   137.5570    0.82735   160    3.31
 293  9.529e-03    8.95648   137.5507    1.02054   160    3.44
 294  1.690e-02    8.95648   137.5472    1.06511   160    3.51
 295  7.870e-03    8.95648   137.5553    0.93070   160    3.42
 296  7.300e-03    8.95648   137.5553    0.93423   160    3.23
 297  7.068e-03    8.95648   137.5552    0.93643   160    3.41
 298  7.018e-03    8.95648   137.5551    0.93762   160    3.11
 299  6.578e-03    8.95648   137.5548    0.94557   160    3.28
 300  1.002e-02    8.95648   137.5562    0.90466   160    3.27
SCF NOT converged after 300 iterations, 1038.0 s
saved results/qpc_wx1.0_A_quad_B0.npz
 B[T]    M_loc M_win300         M   M_wire   it    t[s]         N   nup_far   ndn_far  top_up  top_dn mu-top_up mu-top_dn    D_dn   D_up0  conv
    0   0.9106   0.9254    0.9047   0.0000  300  1038.0  137.5562  0.014000  0.014000  0.4017  1.3073   +0.5279   -0.3777  +0.679  -0.605 False
  M = 0.9047, M_loc = 0.9106   # HMW: ~0.85, M_win300 = 0.9254
  [up] peaks: x=-76.2 nm h=0.4017, x=+76.2 nm h=0.4017   # HMW: two peaks ~0.6 meV at x ~ +-80 nm (nearly flat top over ~160 nm)
  [up] e_0(0)-e_0(far) = 0.0228 meV   # HMW: ~0.45 meV (shallow dip ~0.15 meV);  mu - e_0(far) = 0.9296 meV   # HMW: ~1.1 meV
  [dn] peaks: x=+0.0 nm h=1.3073   # HMW: one peak ~1.2 meV (just above mu)
  [dn] e_0(0)-e_0(far) = 1.3073 meV;  mu - e_0(far) = 0.9296 meV   # HMW: ~1.1 meV
  n_1D(0) = 0.013443 nm^-1 (up 0.012536, dn 0.000907)   # HMW: ~1.5e-2 nm^-1 total
  D_dn = top_dn - top_unpol = +0.6791 meV, D_up0 = e_0,up(0) - top_unpol = -0.6054 meV   # HMW: D_dn ~ +0.6, D_up0 ~ -0.18
  LDOS eta=0.05: up resonance e-mu = -0.7036 meV (# HMW ~ -0.5 meV), FWHM = 0.1547 meV (# HMW Gamma ~0.1 meV, incl. 2 eta); dn onset e-mu = +0.1984 meV (# HMW ~ +0.1 meV); U = 0.9020 meV (# HMW ~0.6 meV)
  LDOS eta=0.1: up resonance e-mu = -0.6976 meV (# HMW ~ -0.5 meV), FWHM = 0.2690 meV (# HMW Gamma ~0.1 meV, incl. 2 eta); dn onset e-mu = +0.1244 meV (# HMW ~ +0.1 meV); U = 0.8220 meV (# HMW ~0.6 meV)
WARNING: B = 0 not converged; continuing from it

 B[T]    M_loc M_win300         M   M_wire   it    t[s]         N   nup_far   ndn_far  top_up  top_dn mu-top_up mu-top_dn    D_dn   D_up0  conv
    6   0.2976   0.2133   25.6999  25.4023   59   205.0  137.4656  0.016541  0.011460  0.2275  1.8871   +0.7990   -1.1501  +1.259  -0.683  True
    4   0.3107   0.2327   20.5524  20.2418   34   126.2  137.4960  0.016025  0.011976  0.2844  1.7679   +0.7195   -0.9712  +1.140  -0.691  True
    2   0.4040   0.3492   13.8276  13.4236   46   157.5  137.5274  0.015343  0.012658  0.3515  1.6026   +0.6259   -0.7433  +0.974  -0.683  True
    1   0.6298   0.5979    8.6099   7.9801   40   139.3  137.5413  0.014799  0.013202  0.3750  1.5220   +0.5834   -0.6283  +0.894  -0.673  True
  0.5   0.8094   0.7979    5.0860   4.2766   48   163.2  137.5474  0.014428  0.013573  0.3791  1.4689   +0.5664   -0.5571  +0.841  -0.664  True
 0.25   0.9003   0.9019    3.0834   2.1831   50   173.2  137.5507  0.014219  0.013782  0.3838  1.4251   +0.5540   -0.5042  +0.797  -0.653  True
    0   0.9106   0.9254    0.9047   0.0000  300  1038.0  137.5562  0.014000  0.014000  0.4017  1.3073   +0.5279   -0.3777  +0.679  -0.605 False

largest B with two spin-up barrier peaks: 6.0 T
B at the minimum of M_loc(B): 6 T (M_loc = 0.2976)
M_loc(B = 0): 0.9106
M_loc(B) in ramp order: [(6.0, 0.2976), (4.0, 0.3107), (2.0, 0.404), (1.0, 0.6298), (0.5, 0.8094), (0.25, 0.9003), (0.0, 0.9106)]
