Hartree: kernel W (263, 35, 35) built in 0.73 s
Janak ramp (down): wx = 1.5 meV, lead = interacting (model A), interp = exchange, B = [6.0, 4.0, 2.0, 1.0, 0.5, 0.25, 0.0]

##### B = 6 T: leads (interacting) mu = 8.86248 meV, M_wire = 29.0279 (2.2 s)
SCF: spin-polarised, mu = 8.8625 meV, B = 6.0 T, kT = 0.05 meV, method = dense, interp = exchange
  it   residual    mu(meV)          N          M    nb    t(s)
   1  6.410e+00    8.86248   133.9777   27.62456   160    3.73
   2  5.617e+00    8.86248   139.8259   29.09479   160    3.40
   3  3.530e+00    8.86248   137.4495   27.86197   160    3.52
   4  3.694e+00    8.86248   139.9860   29.04268   160    3.54
   5  2.346e+00    8.86248   137.5953   28.10342   160    4.30
   6  2.167e+00    8.86248   139.5630   28.95624   160    4.06
   7  1.332e+00    8.86248   138.2277   28.43261   160    3.86
   8  1.057e+00    8.86248   138.5046   28.77794   160    3.41
   9  6.400e-01    8.86248   138.0337   28.52821   160    3.81
  10  6.789e-01    8.86248   138.4404   28.76160   160    3.35
  11  4.639e-01    8.86248   138.2198   28.71912   160    3.33
  12  3.896e-01    8.86248   138.3731   28.88866   160    3.27
  13  5.138e-01    8.86248   138.0996   28.86813   160    3.13
  14  4.435e-01    8.86248   138.5692   29.13036   160    3.35
  15  2.533e-01    8.86248   138.2505   29.01148   160    3.48
  16  1.762e-01    8.86248   138.3249   29.06321   160    3.53
  17  1.671e-01    8.86248   138.2925   29.06120   160    3.51
  18  1.710e-01    8.86248   138.3506   29.09541   160    3.41
  19  1.390e-01    8.86248   138.3170   29.09186   160    3.79
  20  9.946e-02    8.86248   138.3136   29.10703   160    3.24
  21  5.459e-02    8.86248   138.3553   29.13361   160    3.41
  22  3.642e-02    8.86248   138.3299   29.12139   160    3.97
  23  2.155e-02    8.86248   138.3519   29.13378   160    3.87
  24  1.552e-02    8.86248   138.3467   29.13150   160    3.34
  25  1.570e-02    8.86248   138.3491   29.13475   160    3.58
  26  1.863e-02    8.86248   138.3453   29.13707   160    3.73
  27  1.177e-02    8.86248   138.3484   29.14162   160    3.25
  28  8.816e-03    8.86248   138.3461   29.14113   160    3.35
  29  4.351e-03    8.86248   138.3475   29.14205   160    3.31
  30  3.974e-03    8.86248   138.3473   29.14184   160    3.32
  31  3.779e-03    8.86248   138.3469   29.14155   160    3.61
  32  1.942e-03    8.86248   138.3474   29.14172   160    3.46
  33  1.453e-03    8.86248   138.3467   29.14142   160    3.57
  34  1.241e-03    8.86248   138.3472   29.14183   160    3.34
  35  9.671e-04    8.86248   138.3468   29.14173   160    3.53
  36  7.360e-04    8.86248   138.3471   29.14201   160    3.38
  37  6.615e-04    8.86248   138.3468   29.14192   160    3.48
  38  5.354e-04    8.86248   138.3471   29.14212   160    3.53
  39  3.596e-04    8.86248   138.3469   29.14206   160    3.78
  40  2.275e-04    8.86248   138.3470   29.14208   160    3.73
  41  2.060e-04    8.86248   138.3469   29.14205   160    3.71
  42  1.872e-04    8.86248   138.3470   29.14205   160    3.40
  43  1.399e-04    8.86248   138.3469   29.14204   160    3.57
  44  7.311e-05    8.86248   138.3470   29.14204   160    3.58
SCF converged after 44 iterations, 156.2 s
saved results/qpc_wx1.5_A_B6.npz
 B[T]    M_loc M_win300         M   M_wire   it    t[s]         N   nup_far   ndn_far  top_up  top_dn mu-top_up mu-top_dn    D_dn   D_up0  conv
    6   0.1142   0.0699   29.1420  29.0279   44   156.2  138.3470  0.016904  0.011097  0.2066  1.2500   +0.8328   -0.5568  +0.541  -0.503  True
  M = 29.1420, M_loc = 0.1142, M_win300 = 0.0699
  [up] peaks: x=-85.7 nm h=0.1258, x=+0.0 nm h=0.2066, x=+85.7 nm h=0.1258
  [up] e_0(0)-e_0(far) = 0.2066 meV;  mu - e_0(far) = 1.0394 meV
  [dn] peaks: x=+0.0 nm h=1.2500
  [dn] e_0(0)-e_0(far) = 1.2500 meV;  mu - e_0(far) = 0.6932 meV
  n_1D(0) = 0.011813 nm^-1 (up 0.011438, dn 0.000375)
  D_dn = top_dn - top_unpol = +0.5406 meV, D_up0 = e_0,up(0) - top_unpol = -0.5028 meV

##### B = 4 T: leads (interacting) mu = 8.89359 meV, M_wire = 23.5443 (1.3 s)
SCF: spin-polarised, mu = 8.8936 meV, B = 4.0 T, kT = 0.05 meV, method = dense, interp = exchange
  it   residual    mu(meV)          N          M    nb    t(s)
   1  3.110e+00    8.89359   141.4572   27.65613   160    3.84
   2  4.862e+00    8.89359   134.7200   23.98308   160    3.40
   3  3.346e+00    8.89359   137.2288   25.20902   160    3.35
   4  1.766e+00    8.89359   137.7475   24.52970   160    3.78
   5  4.689e-01    8.89359   138.3155   24.09397   160    3.31
   6  2.958e-01    8.89359   138.4093   23.95825   160    3.81
   7  2.031e-01    8.89359   138.4117   23.84018   160    3.70
   8  1.123e-01    8.89359   138.3943   23.75233   160    3.51
   9  9.495e-02    8.89359   138.3821   23.72901   160    3.55
  10  8.240e-02    8.89359   138.3777   23.71879   160    3.49
  11  5.809e-02    8.89359   138.3734   23.71167   160    3.76
  12  3.809e-02    8.89359   138.3633   23.70956   160    3.67
  13  3.212e-02    8.89359   138.3607   23.70594   160    3.50
  14  2.453e-02    8.89359   138.3718   23.71249   160    3.68
  15  2.026e-02    8.89359   138.3612   23.70599   160    3.69
  16  1.400e-02    8.89359   138.3675   23.70798   160    3.84
  17  9.251e-03    8.89359   138.3657   23.70570   160    3.31
  18  6.825e-03    8.89359   138.3641   23.70457   160    3.41
  19  5.429e-03    8.89359   138.3654   23.70515   160    3.73
  20  4.276e-03    8.89359   138.3650   23.70537   160    3.70
  21  3.406e-03    8.89359   138.3651   23.70592   160    3.32
  22  2.589e-03    8.89359   138.3653   23.70654   160    3.41
  23  1.912e-03    8.89359   138.3652   23.70699   160    3.62
  24  1.371e-03    8.89359   138.3653   23.70744   160    3.99
  25  1.046e-03    8.89359   138.3649   23.70739   160    3.45
  26  8.972e-04    8.89359   138.3654   23.70769   160    3.26
  27  6.958e-04    8.89359   138.3650   23.70759   160    3.74
  28  6.712e-04    8.89359   138.3651   23.70767   160    3.24
  29  5.143e-04    8.89359   138.3652   23.70777   160    3.38
  30  4.642e-04    8.89359   138.3650   23.70773   160    3.15
  31  3.103e-04    8.89359   138.3652   23.70783   160    3.41
  32  2.345e-04    8.89359   138.3652   23.70786   160    3.38
  33  1.997e-04    8.89359   138.3651   23.70784   160    3.46
  34  1.591e-04    8.89359   138.3652   23.70786   160    3.29
  35  1.280e-04    8.89359   138.3651   23.70782   160    3.59
  36  9.875e-05    8.89359   138.3652   23.70786   160    3.32
SCF converged after 36 iterations, 127.3 s
saved results/qpc_wx1.5_A_B4.npz
 B[T]    M_loc M_win300         M   M_wire   it    t[s]         N   nup_far   ndn_far  top_up  top_dn mu-top_up mu-top_dn    D_dn   D_up0  conv
    4   0.1636   0.1325   23.7079  23.5443   36   127.3  138.3652  0.016355  0.011645  0.2121  1.2277   +0.8018   -0.4679  +0.518  -0.497  True
  M = 23.7079, M_loc = 0.1636, M_win300 = 0.1325
  [up] peaks: x=-76.2 nm h=0.1583, x=+0.0 nm h=0.2121, x=+76.2 nm h=0.1583
  [up] e_0(0)-e_0(far) = 0.2121 meV;  mu - e_0(far) = 1.0139 meV
  [dn] peaks: x=+0.0 nm h=1.2277
  [dn] e_0(0)-e_0(far) = 1.2277 meV;  mu - e_0(far) = 0.7597 meV
  n_1D(0) = 0.011757 nm^-1 (up 0.011222, dn 0.000535)
  D_dn = top_dn - top_unpol = +0.5183 meV, D_up0 = e_0,up(0) - top_unpol = -0.4973 meV

##### B = 2 T: leads (interacting) mu = 8.92526 meV, M_wire = 17.2617 (1.3 s)
SCF: spin-polarised, mu = 8.9253 meV, B = 2.0 T, kT = 0.05 meV, method = dense, interp = exchange
  it   residual    mu(meV)          N          M    nb    t(s)
   1  3.368e+00    8.92526   141.7336   22.15115   160    3.39
   2  5.100e+00    8.92526   134.3953   18.30856   160    3.52
   3  3.503e+00    8.92526   137.1409   19.59152   160    3.88
   4  1.862e+00    8.92526   137.8790   18.86519   160    3.86
   5  5.173e-01    8.92526   138.4497   18.14611   160    3.42
   6  3.425e-01    8.92526   138.4464   17.89609   160    3.52
   7  2.241e-01    8.92526   138.3717   17.70448   160    3.32
   8  1.366e-01    8.92526   138.3541   17.56253   160    3.28
   9  9.752e-02    8.92526   138.3859   17.56815   160    3.36
  10  9.120e-02    8.92526   138.3730   17.54061   160    3.57
  11  8.650e-02    8.92526   138.3412   17.53365   160    3.45
  12  3.770e-02    8.92526   138.3907   17.52672   160    3.38
  13  3.929e-02    8.92526   138.3948   17.52111   160    3.77
  14  2.872e-02    8.92526   138.3810   17.51813   160    4.36
  15  3.266e-02    8.92526   138.3933   17.52212   160    3.77
  16  2.396e-02    8.92526   138.3928   17.52387   160    3.46
  17  1.641e-02    8.92526   138.3833   17.52260   160    4.01
  18  1.299e-02    8.92526   138.3815   17.52378   160    3.84
  19  1.005e-02    8.92526   138.3849   17.52450   160    3.94
  20  8.806e-03    8.92526   138.3844   17.52430   160    3.57
  21  7.664e-03    8.92526   138.3813   17.52223   160    3.48
  22  4.587e-03    8.92526   138.3841   17.52179   160    3.92
  23  3.943e-03    8.92526   138.3857   17.52129   160    3.37
  24  2.988e-03    8.92526   138.3836   17.52020   160    3.54
  25  2.192e-03    8.92526   138.3849   17.51997   160    3.58
  26  2.048e-03    8.92526   138.3854   17.51986   160    3.48
  27  1.484e-03    8.92526   138.3848   17.51972   160    3.76
  28  1.310e-03    8.92526   138.3843   17.51965   160    3.56
  29  7.873e-04    8.92526   138.3846   17.51982   160    3.39
  30  5.485e-04    8.92526   138.3848   17.51996   160    3.48
  31  3.789e-04    8.92526   138.3844   17.51996   160    3.40
  32  2.477e-04    8.92526   138.3846   17.52002   160    3.55
  33  2.329e-04    8.92526   138.3847   17.52010   160    3.55
  34  1.547e-04    8.92526   138.3846   17.52005   160    3.68
  35  1.326e-04    8.92526   138.3846   17.52008   160    3.89
  36  1.102e-04    8.92526   138.3847   17.52011   160    3.39
  37  7.629e-05    8.92526   138.3846   17.52011   160    3.52
SCF converged after 37 iterations, 133.5 s
saved results/qpc_wx1.5_A_B2.npz
 B[T]    M_loc M_win300         M   M_wire   it    t[s]         N   nup_far   ndn_far  top_up  top_dn mu-top_up mu-top_dn    D_dn   D_up0  conv
    2   0.2584   0.2379   17.5201  17.2617   37   133.5  138.3846  0.015727  0.012274  0.2283  1.2097   +0.7591   -0.3808  +0.500  -0.481  True
  M = 17.5201, M_loc = 0.2584, M_win300 = 0.2379
  [up] peaks: x=-76.2 nm h=0.1938, x=+0.0 nm h=0.2283, x=+76.2 nm h=0.1938
  [up] e_0(0)-e_0(far) = 0.2283 meV;  mu - e_0(far) = 0.9874 meV
  [dn] peaks: x=+0.0 nm h=1.2097
  [dn] e_0(0)-e_0(far) = 1.2097 meV;  mu - e_0(far) = 0.8289 meV
  n_1D(0) = 0.011791 nm^-1 (up 0.011015, dn 0.000775)
  D_dn = top_dn - top_unpol = +0.5003 meV, D_up0 = e_0,up(0) - top_unpol = -0.4811 meV

##### B = 1 T: leads (interacting) mu = 8.94172 meV, M_wire = 12.5159 (1.3 s)
SCF: spin-polarised, mu = 8.9417 meV, B = 1.0 T, kT = 0.05 meV, method = dense, interp = exchange
  it   residual    mu(meV)          N          M    nb    t(s)
   1  2.094e+00    8.94172   140.4782   16.51143   160    3.21
   2  3.106e+00    8.94172   135.8030   14.39266   160    3.51
   3  2.021e+00    8.94172   137.6677   15.12236   160    3.39
   4  1.206e+00    8.94172   138.1161   14.49007   160    3.22
   5  3.627e-01    8.94172   138.4790   13.63218   160    3.29
   6  2.460e-01    8.94172   138.4540   13.31595   160    3.86
   7  2.204e-01    8.94172   138.4044   13.20951   160    3.53
   8  1.783e-01    8.94172   138.3400   13.01529   160    3.35
   9  1.257e-01    8.94172   138.3835   13.00961   160    3.50
  10  1.003e-01    8.94172   138.3683   12.94824   160    3.50
  11  8.046e-02    8.94172   138.3549   12.93290   160    3.48
  12  3.407e-02    8.94172   138.3855   12.91725   160    3.38
  13  3.029e-02    8.94172   138.4084   12.92481   160    3.59
  14  1.686e-02    8.94172   138.3935   12.90934   160    3.80
  15  1.607e-02    8.94172   138.3932   12.90892   160    3.56
  16  1.807e-02    8.94172   138.4033   12.90357   160    3.49
  17  1.745e-02    8.94172   138.4007   12.89345   160    3.46
  18  1.553e-02    8.94172   138.3945   12.88970   160    3.41
  19  1.840e-02    8.94172   138.3999   12.88812   160    3.56
  20  1.741e-02    8.94172   138.3999   12.88672   160    3.35
  21  1.133e-02    8.94172   138.3921   12.88891   160    3.56
  22  8.917e-03    8.94172   138.3926   12.89523   160    3.55
  23  7.764e-03    8.94172   138.3971   12.89988   160    3.41
  24  4.522e-03    8.94172   138.3955   12.90099   160    3.79
  25  2.884e-03    8.94172   138.3942   12.90289   160    3.39
  26  1.775e-03    8.94172   138.3958   12.90371   160    3.35
  27  1.515e-03    8.94172   138.3961   12.90382   160    3.45
  28  1.358e-03    8.94172   138.3953   12.90382   160    3.33
  29  8.992e-04    8.94172   138.3956   12.90381   160    3.64
  30  6.363e-04    8.94172   138.3958   12.90386   160    3.40
  31  4.694e-04    8.94172   138.3955   12.90374   160    3.42
  32  4.749e-04    8.94172   138.3955   12.90375   160    3.91
  33  3.987e-04    8.94172   138.3956   12.90375   160    3.53
  34  3.157e-04    8.94172   138.3956   12.90377   160    5.82
  35  2.125e-04    8.94172   138.3955   12.90372   160    3.66
  36  1.374e-04    8.94172   138.3956   12.90373   160    3.40
  37  1.117e-04    8.94172   138.3956   12.90372   160    3.42
  38  8.896e-05    8.94172   138.3956   12.90370   160    3.58
SCF converged after 38 iterations, 135.3 s
saved results/qpc_wx1.5_A_B1.npz
 B[T]    M_loc M_win300         M   M_wire   it    t[s]         N   nup_far   ndn_far  top_up  top_dn mu-top_up mu-top_dn    D_dn   D_up0  conv
    1   0.3878   0.3642   12.9037  12.5159   38   135.3  138.3956  0.015252  0.012748  0.2412  1.2041   +0.7290   -0.3355  +0.495  -0.468  True
  M = 12.9037, M_loc = 0.3878, M_win300 = 0.3642
  [up] peaks: x=-76.2 nm h=0.2030, x=+0.0 nm h=0.2412, x=+76.2 nm h=0.2030
  [up] e_0(0)-e_0(far) = 0.2412 meV;  mu - e_0(far) = 0.9702 meV
  [dn] peaks: x=+0.0 nm h=1.2041
  [dn] e_0(0)-e_0(far) = 1.2041 meV;  mu - e_0(far) = 0.8686 meV
  n_1D(0) = 0.011869 nm^-1 (up 0.010907, dn 0.000963)
  D_dn = top_dn - top_unpol = +0.4947 meV, D_up0 = e_0,up(0) - top_unpol = -0.4682 meV
  LDOS eta=0.05: up resonance e-mu = -0.6962 meV, FWHM = 0.3451 meV; dn onset e-mu = +0.1898 meV; U = 0.8860 meV
  LDOS eta=0.1: up resonance e-mu = -0.6822 meV, FWHM = 0.4920 meV; dn onset e-mu = +0.1318 meV; U = 0.8140 meV

##### B = 0.5 T: leads (interacting) mu = 8.95024 meV, M_wire = 8.4804 (1.4 s)
SCF: spin-polarised, mu = 8.9502 meV, B = 0.5 T, kT = 0.05 meV, method = dense, interp = exchange
  it   residual    mu(meV)          N          M    nb    t(s)
   1  1.311e+00    8.95024   139.7062   12.20247   160    3.51
   2  1.987e+00    8.95024   136.6772   11.10886   160    3.59
   3  1.163e+00    8.95024   138.0235   11.49908   160    3.39
   4  8.203e-01    8.95024   138.2078   10.96041   160    3.59
   5  3.614e-01    8.95024   138.4280   10.00635   160    3.42
   6  2.486e-01    8.95024   138.4256    9.57919   160    3.44
   7  2.269e-01    8.95024   138.3893    9.45818   160    3.47
   8  1.864e-01    8.95024   138.3409    9.24950   160    3.69
   9  9.895e-02    8.95024   138.3768    9.12004   160    3.51
  10  6.045e-02    8.95024   138.3878    9.06537   160    3.84
  11  4.223e-02    8.95024   138.3868    9.04614   160    3.55
  12  3.156e-02    8.95024   138.3882    9.03531   160    3.52
  13  1.845e-02    8.95024   138.4092    9.03773   160    3.60
  14  1.388e-02    8.95024   138.4012    9.02793   160    3.52
  15  1.125e-02    8.95024   138.3968    9.02542   160    3.52
  16  8.850e-03    8.95024   138.4022    9.02632   160    3.63
  17  7.544e-03    8.95024   138.4039    9.02305   160    3.52
  18  6.146e-03    8.95024   138.4003    9.02050   160    3.58
  19  6.562e-03    8.95024   138.4011    9.01919   160    3.50
  20  6.997e-03    8.95024   138.4018    9.01841   160    3.45
  21  5.871e-03    8.95024   138.4001    9.01798   160    3.72
  22  5.426e-03    8.95024   138.3992    9.01768   160    3.42
  23  4.984e-03    8.95024   138.4013    9.01852   160    3.71
  24  3.769e-03    8.95024   138.4026    9.01888   160    3.80
  25  2.923e-03    8.95024   138.3999    9.01825   160    3.47
  26  2.397e-03    8.95024   138.4007    9.01821   160    3.48
  27  1.994e-03    8.95024   138.4017    9.01833   160    3.65
  28  1.893e-03    8.95024   138.4010    9.01793   160    3.37
  29  1.603e-03    8.95024   138.4012    9.01767   160    3.31
  30  1.384e-03    8.95024   138.4015    9.01735   160    3.38
  31  1.030e-03    8.95024   138.4014    9.01677   160    3.76
  32  8.775e-04    8.95024   138.4013    9.01619   160    3.42
  33  8.637e-04    8.95024   138.4011    9.01590   160    3.39
  34  6.724e-04    8.95024   138.4015    9.01566   160    3.28
  35  5.513e-04    8.95024   138.4012    9.01529   160    3.74
  36  4.532e-04    8.95024   138.4012    9.01498   160    3.37
  37  4.125e-04    8.95024   138.4014    9.01486   160    3.46
  38  3.117e-04    8.95024   138.4012    9.01473   160    3.29
  39  2.645e-04    8.95024   138.4013    9.01462   160    3.84
  40  2.404e-04    8.95024   138.4013    9.01452   160    3.36
  41  2.098e-04    8.95024   138.4013    9.01443   160    3.38
  42  1.998e-04    8.95024   138.4013    9.01438   160    3.41
  43  1.647e-04    8.95024   138.4013    9.01429   160    3.56
  44  1.148e-04    8.95024   138.4014    9.01428   160    3.48
  45  7.984e-05    8.95024   138.4013    9.01422   160    3.67
SCF converged after 45 iterations, 158.9 s
saved results/qpc_wx1.5_A_B0.5.npz
 B[T]    M_loc M_win300         M   M_wire   it    t[s]         N   nup_far   ndn_far  top_up  top_dn mu-top_up mu-top_dn    D_dn   D_up0  conv
  0.5   0.5339   0.5037    9.0142   8.4804   45   158.9  138.4013  0.014849  0.013152  0.2482  1.2042   +0.7089   -0.3107  +0.495  -0.461  True
  M = 9.0142, M_loc = 0.5339, M_win300 = 0.5037
  [up] peaks: x=-66.7 nm h=0.2110, x=+0.0 nm h=0.2482, x=+66.7 nm h=0.2110
  [up] e_0(0)-e_0(far) = 0.2482 meV;  mu - e_0(far) = 0.9571 meV
  [dn] peaks: x=+0.0 nm h=1.2042
  [dn] e_0(0)-e_0(far) = 1.2042 meV;  mu - e_0(far) = 0.8935 meV
  n_1D(0) = 0.011938 nm^-1 (up 0.010842, dn 0.001096)
  D_dn = top_dn - top_unpol = +0.4948 meV, D_up0 = e_0,up(0) - top_unpol = -0.4612 meV
  LDOS eta=0.05: up resonance e-mu = -0.6631 meV, FWHM = 0.3547 meV; dn onset e-mu = +0.1649 meV; U = 0.8280 meV
  LDOS eta=0.1: up resonance e-mu = -0.6511 meV, FWHM = 0.5003 meV; dn onset e-mu = +0.1069 meV; U = 0.7580 meV

##### B = 0.25 T: leads (interacting) mu = 8.95427 meV, M_wire = 5.1628 (1.5 s)
SCF: spin-polarised, mu = 8.9543 meV, B = 0.25 T, kT = 0.05 meV, method = dense, interp = exchange
  it   residual    mu(meV)          N          M    nb    t(s)
   1  7.128e-01    8.95427   139.1141    8.53417   160    3.54
   2  1.136e+00    8.95427   137.4105    8.07232   160    3.66
   3  6.369e-01    8.95427   138.2493    8.22773   160    3.36
   4  5.070e-01    8.95427   138.2907    7.84663   160    3.60
   5  2.923e-01    8.95427   138.3782    6.98236   160    3.60
   6  2.123e-01    8.95427   138.3876    6.55103   160    3.40
   7  1.883e-01    8.95427   138.3642    6.37160   160    3.67
   8  1.475e-01    8.95427   138.3533    6.14580   160    3.67
   9  8.836e-02    8.95427   138.4080    6.03735   160    3.87
  10  5.402e-02    8.95427   138.4095    5.92675   160    3.60
  11  4.028e-02    8.95427   138.3912    5.90926   160    3.57
  12  2.654e-02    8.95427   138.3996    5.86913   160    3.51
  13  2.269e-02    8.95427   138.4169    5.85574   160    3.88
  14  1.247e-02    8.95427   138.4017    5.84503   160    3.78
  15  1.039e-02    8.95427   138.4000    5.84589   160    3.45
  16  8.158e-03    8.95427   138.4028    5.84283   160    3.46
  17  6.404e-03    8.95427   138.4022    5.84099   160    3.33
  18  4.885e-03    8.95427   138.4012    5.83740   160    3.44
  19  3.847e-03    8.95427   138.4028    5.83399   160    3.46
  20  3.430e-03    8.95427   138.4047    5.83111   160    3.35
  21  2.643e-03    8.95427   138.4038    5.82937   160    4.99
  22  2.552e-03    8.95427   138.4035    5.82860   160    3.47
  23  2.518e-03    8.95427   138.4047    5.82515   160    3.67
  24  1.919e-03    8.95427   138.4043    5.82225   160    3.98
  25  1.479e-03    8.95427   138.4031    5.82128   160    3.58
  26  1.177e-03    8.95427   138.4035    5.82030   160    3.38
  27  1.187e-03    8.95427   138.4037    5.82007   160    4.00
  28  1.087e-03    8.95427   138.4031    5.82020   160    4.05
  29  9.438e-04    8.95427   138.4033    5.81987   160    3.68
  30  8.411e-04    8.95427   138.4036    5.81999   160    3.62
  31  8.182e-04    8.95427   138.4037    5.81992   160    3.58
  32  6.071e-04    8.95427   138.4035    5.81999   160    3.71
  33  5.890e-04    8.95427   138.4037    5.82021   160    3.53
  34  5.225e-04    8.95427   138.4038    5.82047   160    3.52
  35  4.361e-04    8.95427   138.4036    5.82067   160    3.37
  36  3.583e-04    8.95427   138.4036    5.82084   160    3.39
  37  3.117e-04    8.95427   138.4037    5.82097   160    3.79
  38  2.072e-04    8.95427   138.4036    5.82118   160    3.52
  39  1.597e-04    8.95427   138.4036    5.82132   160    3.64
  40  1.535e-04    8.95427   138.4036    5.82141   160    3.34
  41  1.428e-04    8.95427   138.4036    5.82143   160    3.44
  42  1.142e-04    8.95427   138.4036    5.82149   160    3.64
  43  7.994e-05    8.95427   138.4036    5.82152   160    3.48
SCF converged after 43 iterations, 155.9 s
saved results/qpc_wx1.5_A_B0.25.npz
 B[T]    M_loc M_win300         M   M_wire   it    t[s]         N   nup_far   ndn_far  top_up  top_dn mu-top_up mu-top_dn    D_dn   D_up0  conv
 0.25   0.6588   0.6293    5.8215   5.1628   43   155.9  138.4036  0.014517  0.013484  0.2502  1.2069   +0.6964   -0.2974  +0.498  -0.459  True
  M = 5.8215, M_loc = 0.6588, M_win300 = 0.6293
  [up] peaks: x=-66.7 nm h=0.2126, x=+0.0 nm h=0.2502, x=+66.7 nm h=0.2126
  [up] e_0(0)-e_0(far) = 0.2502 meV;  mu - e_0(far) = 0.9466 meV
  [dn] peaks: x=+0.0 nm h=1.2069
  [dn] e_0(0)-e_0(far) = 1.2069 meV;  mu - e_0(far) = 0.9095 meV
  n_1D(0) = 0.011984 nm^-1 (up 0.010803, dn 0.001181)
  D_dn = top_dn - top_unpol = +0.4975 meV, D_up0 = e_0,up(0) - top_unpol = -0.4592 meV
  LDOS eta=0.05: up resonance e-mu = -0.6466 meV, FWHM = 0.3604 meV; dn onset e-mu = +0.1494 meV; U = 0.7960 meV
  LDOS eta=0.1: up resonance e-mu = -0.6326 meV, FWHM = 0.5063 meV; dn onset e-mu = +0.0914 meV; U = 0.7240 meV

##### B = 0 T: leads (interacting) mu = 8.95648 meV, M_wire = -0.0000 (1.7 s)
SCF: spin-polarised, mu = 8.9565 meV, B = 0.0 T, kT = 0.05 meV, method = dense, interp = exchange
  it   residual    mu(meV)          N          M    nb    t(s)
   1  6.433e-01    8.95648   138.7964    5.17824   160    3.64
   2  7.594e-01    8.95648   137.8264    4.94877   160    3.65
   3  6.723e-01    8.95648   138.3078    4.97528   160    3.45
   4  4.919e-01    8.95648   138.3305    4.10228   160    3.29
   5  3.451e-01    8.95648   138.4013    2.81880   160    3.52
   6  3.005e-01    8.95648   138.3980    2.40927   160    3.69
   7  2.627e-01    8.95648   138.3545    2.06389   160    4.03
   8  1.821e-01    8.95648   138.3313    1.44526   160    3.40
   9  1.045e-01    8.95648   138.4111    1.18070   160    3.45
  10  6.432e-02    8.95648   138.4091    0.96614   160    3.56
  11  4.559e-02    8.95648   138.3870    0.89324   160    3.81
  12  3.201e-02    8.95648   138.3983    0.84705   160    4.07
  13  2.264e-02    8.95648   138.4107    0.85085   160    4.87
  14  1.692e-02    8.95648   138.4039    0.83888   160    3.77
  15  1.477e-02    8.95648   138.4023    0.84232   160    3.46
  16  1.126e-02    8.95648   138.4074    0.84403   160    3.38
  17  1.030e-02    8.95648   138.4067    0.84172   160    3.57
  18  9.025e-03    8.95648   138.4028    0.84138   160    3.96
  19  8.081e-03    8.95648   138.4048    0.83977   160    3.41
  20  8.495e-03    8.95648   138.4070    0.83773   160    3.45
  21  7.735e-03    8.95648   138.4048    0.83252   160    3.47
  22  7.326e-03    8.95648   138.4050    0.82808   160    3.64
  23  7.904e-03    8.95648   138.4062    0.82063   160    3.69
  24  7.016e-03    8.95648   138.4058    0.81353   160    3.62
  25  6.628e-03    8.95648   138.4027    0.80563   160    3.43
  26  5.978e-03    8.95648   138.4038    0.80119   160    3.67
  27  5.730e-03    8.95648   138.4059    0.79856   160    3.49
  28  4.752e-03    8.95648   138.4033    0.79461   160    3.43
  29  3.426e-03    8.95648   138.4034    0.78981   160    3.50
  30  2.638e-03    8.95648   138.4048    0.78821   160    3.42
  31  2.246e-03    8.95648   138.4044    0.78709   160    3.64
  32  2.123e-03    8.95648   138.4044    0.78669   160    3.34
  33  1.949e-03    8.95648   138.4046    0.78635   160    3.85
  34  1.791e-03    8.95648   138.4051    0.78603   160    3.67
  35  1.610e-03    8.95648   138.4047    0.78573   160    3.74
  36  1.630e-03    8.95648   138.4041    0.78560   160    3.59
  37  1.241e-03    8.95648   138.4050    0.78543   160    3.83
  38  1.016e-03    8.95648   138.4047    0.78523   160    4.21
  39  9.883e-04    8.95648   138.4045    0.78516   160    3.48
  40  9.560e-04    8.95648   138.4046    0.78508   160    3.53
  41  9.246e-04    8.95648   138.4046    0.78502   160    3.94
  42  8.701e-04    8.95648   138.4045    0.78498   160    3.38
  43  7.558e-04    8.95648   138.4045    0.78489   160    3.44
  44  6.706e-04    8.95648   138.4047    0.78479   160    3.70
  45  6.941e-04    8.95648   138.4048    0.78462   160    3.47
  46  5.928e-04    8.95648   138.4044    0.78455   160    3.47
  47  4.245e-04    8.95648   138.4047    0.78445   160    3.82
  48  3.864e-04    8.95648   138.4047    0.78434   160    3.59
  49  3.909e-04    8.95648   138.4046    0.78426   160    3.61
  50  3.236e-04    8.95648   138.4046    0.78417   160    3.50
  51  2.853e-04    8.95648   138.4047    0.78410   160    3.42
  52  2.197e-04    8.95648   138.4047    0.78403   160    3.53
  53  1.870e-04    8.95648   138.4046    0.78394   160    3.51
  54  1.703e-04    8.95648   138.4046    0.78386   160    3.49
  55  1.817e-04    8.95648   138.4047    0.78383   160    3.76
  56  1.372e-04    8.95648   138.4046    0.78378   160    3.50
  57  1.194e-04    8.95648   138.4046    0.78372   160    3.34
  58  1.130e-04    8.95648   138.4046    0.78368   160    3.52
  59  9.659e-05    8.95648   138.4046    0.78364   160    3.41
SCF converged after 59 iterations, 213.6 s
saved results/qpc_wx1.5_A_B0.npz
 B[T]    M_loc M_win300         M   M_wire   it    t[s]         N   nup_far   ndn_far  top_up  top_dn mu-top_up mu-top_dn    D_dn   D_up0  conv
    0   0.7837   0.7948    0.7836  -0.0000   59   213.6  138.4046  0.014000  0.014000  0.2484  1.2130   +0.6812   -0.2833  +0.504  -0.461  True
  M = 0.7836, M_loc = 0.7837   # HMW: ~0.93, M_win300 = 0.7948
  [up] peaks: x=-66.7 nm h=0.2089, x=+0.0 nm h=0.2484, x=+66.7 nm h=0.2089   # HMW: ~0.6 meV
  [up] e_0(0)-e_0(far) = 0.2484 meV;  mu - e_0(far) = 0.9296 meV   # HMW: ~1.1 meV
  [dn] peaks: x=+0.0 nm h=1.2130   # HMW: ~1.3 meV
  [dn] e_0(0)-e_0(far) = 1.2130 meV;  mu - e_0(far) = 0.9296 meV   # HMW: ~1.1 meV
  n_1D(0) = 0.012040 nm^-1 (up 0.010755, dn 0.001285)   # HMW: ~1.4e-2 nm^-1 total
  D_dn = top_dn - top_unpol = +0.5036 meV, D_up0 = e_0,up(0) - top_unpol = -0.4610 meV   # HMW: D_dn ~ +0.6
  LDOS eta=0.05: up resonance e-mu = -0.6236 meV (# HMW ~ -0.5 meV), FWHM = 0.3664 meV (# HMW Gamma ~0.1 meV, incl. 2 eta); dn onset e-mu = +0.1284 meV (# HMW ~ +0.1 meV); U = 0.7520 meV (# HMW ~0.6 meV)
  LDOS eta=0.1: up resonance e-mu = -0.6116 meV (# HMW ~ -0.5 meV), FWHM = 0.5139 meV (# HMW Gamma ~0.1 meV, incl. 2 eta); dn onset e-mu = +0.0744 meV (# HMW ~ +0.1 meV); U = 0.6860 meV (# HMW ~0.6 meV)

 B[T]    M_loc M_win300         M   M_wire   it    t[s]         N   nup_far   ndn_far  top_up  top_dn mu-top_up mu-top_dn    D_dn   D_up0  conv
    6   0.1142   0.0699   29.1420  29.0279   44   156.2  138.3470  0.016904  0.011097  0.2066  1.2500   +0.8328   -0.5568  +0.541  -0.503  True
    4   0.1636   0.1325   23.7079  23.5443   36   127.3  138.3652  0.016355  0.011645  0.2121  1.2277   +0.8018   -0.4679  +0.518  -0.497  True
    2   0.2584   0.2379   17.5201  17.2617   37   133.5  138.3846  0.015727  0.012274  0.2283  1.2097   +0.7591   -0.3808  +0.500  -0.481  True
    1   0.3878   0.3642   12.9037  12.5159   38   135.3  138.3956  0.015252  0.012748  0.2412  1.2041   +0.7290   -0.3355  +0.495  -0.468  True
  0.5   0.5339   0.5037    9.0142   8.4804   45   158.9  138.4013  0.014849  0.013152  0.2482  1.2042   +0.7089   -0.3107  +0.495  -0.461  True
 0.25   0.6588   0.6293    5.8215   5.1628   43   155.9  138.4036  0.014517  0.013484  0.2502  1.2069   +0.6964   -0.2974  +0.498  -0.459  True
    0   0.7837   0.7948    0.7836  -0.0000   59   213.6  138.4046  0.014000  0.014000  0.2484  1.2130   +0.6812   -0.2833  +0.504  -0.461  True

largest B with two spin-up barrier peaks: 6.0 T
B at the minimum of M_loc(B): 6 T (M_loc = 0.1142)
M_loc(B = 0): 0.7837
M_loc(B) in ramp order: [(6.0, 0.1142), (4.0, 0.1636), (2.0, 0.2584), (1.0, 0.3878), (0.5, 0.5339), (0.25, 0.6588), (0.0, 0.7837)]
